Archive member included to satisfy reference by file (symbol)

/home/mohamed/.pico-sdk/toolchain/14_2_Rel1/bin/../lib/gcc/arm-none-eabi/14.2.1/thumb/v6-m/nofp/libgcc.a(_dvmd_tls.o)
                              CMakeFiles/dac_spi_test.dir/home/mohamed/.pico-sdk/sdk/2.2.0/src/rp2_common/pico_divider/divider_hardware.S.o (__aeabi_idiv0)
/home/mohamed/.pico-sdk/toolchain/14_2_Rel1/bin/../lib/gcc/arm-none-eabi/14.2.1/../../../../arm-none-eabi/lib/thumb/v6-m/nofp/libg.a(libc_a-calloc.o)
                              CMakeFiles/dac_spi_test.dir/home/mohamed/.pico-sdk/sdk/2.2.0/src/rp2_common/pico_malloc/malloc.c.o (calloc)
/home/mohamed/.pico-sdk/toolchain/14_2_Rel1/bin/../lib/gcc/arm-none-eabi/14.2.1/../../../../arm-none-eabi/lib/thumb/v6-m/nofp/libg.a(libc_a-callocr.o)
                              /home/mohamed/.pico-sdk/toolchain/14_2_Rel1/bin/../lib/gcc/arm-none-eabi/14.2.1/../../../../arm-none-eabi/lib/thumb/v6-m/nofp/libg.a(libc_a-calloc.o) (_calloc_r)
/home/mohamed/.pico-sdk/toolchain/14_2_Rel1/bin/../lib/gcc/arm-none-eabi/14.2.1/../../../../arm-none-eabi/lib/thumb/v6-m/nofp/libg.a(libc_a-malloc.o)
                              CMakeFiles/dac_spi_test.dir/home/mohamed/.pico-sdk/sdk/2.2.0/src/rp2_common/pico_malloc/malloc.c.o (malloc)
/home/mohamed/.pico-sdk/toolchain/14_2_Rel1/bin/../lib/gcc/arm-none-eabi/14.2.1/../../../../arm-none-eabi/lib/thumb/v6-m/nofp/libg.a(libc_a-mallocr.o)
                              /home/mohamed/.pico-sdk/toolchain/14_2_Rel1/bin/../lib/gcc/arm-none-eabi/14.2.1/../../../../arm-none-eabi/lib/thumb/v6-m/nofp/libg.a(libc_a-callocr.o) (_malloc_r)
/home/mohamed/.pico-sdk/toolchain/14_2_Rel1/bin/../lib/gcc/arm-none-eabi/14.2.1/../../../../arm-none-eabi/lib/thumb/v6-m/nofp/libg.a(libc_a-mlock.o)
                              /home/mohamed/.pico-sdk/toolchain/14_2_Rel1/bin/../lib/gcc/arm-none-eabi/14.2.1/../../../../arm-none-eabi/lib/thumb/v6-m/nofp/libg.a(libc_a-mallocr.o) (__malloc_lock)
/home/mohamed/.pico-sdk/toolchain/14_2_Rel1/bin/../lib/gcc/arm-none-eabi/14.2.1/../../../../arm-none-eabi/lib/thumb/v6-m/nofp/libg.a(libc_a-realloc.o)
                              CMakeFiles/dac_spi_test.dir/home/mohamed/.pico-sdk/sdk/2.2.0/src/rp2_common/pico_malloc/malloc.c.o (realloc)
/home/mohamed/.pico-sdk/toolchain/14_2_Rel1/bin/../lib/gcc/arm-none-eabi/14.2.1/../../../../arm-none-eabi/lib/thumb/v6-m/nofp/libg.a(libc_a-reallocr.o)
                              /home/mohamed/.pico-sdk/toolchain/14_2_Rel1/bin/../lib/gcc/arm-none-eabi/14.2.1/../../../../arm-none-eabi/lib/thumb/v6-m/nofp/libg.a(libc_a-realloc.o) (_realloc_r)
/home/mohamed/.pico-sdk/toolchain/14_2_Rel1/bin/../lib/gcc/arm-none-eabi/14.2.1/../../../../arm-none-eabi/lib/thumb/v6-m/nofp/libg.a(libc_a-memcmp.o)
                              CMakeFiles/dac_spi_test.dir/home/mohamed/.pico-sdk/sdk/2.2.0/src/rp2_common/pico_atomic/atomic.c.o (memcmp)
/home/mohamed/.pico-sdk/toolchain/14_2_Rel1/bin/../lib/gcc/arm-none-eabi/14.2.1/../../../../arm-none-eabi/lib/thumb/v6-m/nofp/libg.a(libc_a-memmove.o)
                              /home/mohamed/.pico-sdk/toolchain/14_2_Rel1/bin/../lib/gcc/arm-none-eabi/14.2.1/../../../../arm-none-eabi/lib/thumb/v6-m/nofp/libg.a(libc_a-reallocr.o) (memmove)
/home/mohamed/.pico-sdk/toolchain/14_2_Rel1/bin/../lib/gcc/arm-none-eabi/14.2.1/../../../../arm-none-eabi/lib/thumb/v6-m/nofp/libg.a(libc_a-lcltime_r.o)
                              CMakeFiles/dac_spi_test.dir/home/mohamed/.pico-sdk/sdk/2.2.0/src/common/pico_util/datetime.c.o (localtime_r)
/home/mohamed/.pico-sdk/toolchain/14_2_Rel1/bin/../lib/gcc/arm-none-eabi/14.2.1/../../../../arm-none-eabi/lib/thumb/v6-m/nofp/libg.a(libc_a-mktime.o)
                              CMakeFiles/dac_spi_test.dir/home/mohamed/.pico-sdk/sdk/2.2.0/src/common/pico_util/datetime.c.o (mktime)
/home/mohamed/.pico-sdk/toolchain/14_2_Rel1/bin/../lib/gcc/arm-none-eabi/14.2.1/../../../../arm-none-eabi/lib/thumb/v6-m/nofp/libg.a(libc_a-month_lengths.o)
                              /home/mohamed/.pico-sdk/toolchain/14_2_Rel1/bin/../lib/gcc/arm-none-eabi/14.2.1/../../../../arm-none-eabi/lib/thumb/v6-m/nofp/libg.a(libc_a-lcltime_r.o) (__month_lengths)
/home/mohamed/.pico-sdk/toolchain/14_2_Rel1/bin/../lib/gcc/arm-none-eabi/14.2.1/../../../../arm-none-eabi/lib/thumb/v6-m/nofp/libg.a(libc_a-tzcalc_limits.o)
                              /home/mohamed/.pico-sdk/toolchain/14_2_Rel1/bin/../lib/gcc/arm-none-eabi/14.2.1/../../../../arm-none-eabi/lib/thumb/v6-m/nofp/libg.a(libc_a-lcltime_r.o) (__tzcalc_limits)
/home/mohamed/.pico-sdk/toolchain/14_2_Rel1/bin/../lib/gcc/arm-none-eabi/14.2.1/../../../../arm-none-eabi/lib/thumb/v6-m/nofp/libg.a(libc_a-tzlock.o)
                              /home/mohamed/.pico-sdk/toolchain/14_2_Rel1/bin/../lib/gcc/arm-none-eabi/14.2.1/../../../../arm-none-eabi/lib/thumb/v6-m/nofp/libg.a(libc_a-lcltime_r.o) (__tz_lock)
/home/mohamed/.pico-sdk/toolchain/14_2_Rel1/bin/../lib/gcc/arm-none-eabi/14.2.1/../../../../arm-none-eabi/lib/thumb/v6-m/nofp/libg.a(libc_a-tzset.o)
[...]
Memory Configuration

Name             Origin             Length             Attributes
FLASH            0x10000000         0x00200000         xr
RAM              0x20000000         0x00040000         xrw
SCRATCH_X        0x20040000         0x00001000         xrw
SCRATCH_Y        0x20041000         0x00001000         xrw
*default*        0x00000000         0xffffffff

Linker script and memory map

LOAD /home/mohamed/.pico-sdk/toolchain/14_2_Rel1/bin/../lib/gcc/arm-none-eabi/14.2.1/thumb/v6-m/nofp/crti.o
LOAD /home/mohamed/.pico-sdk/toolchain/14_2_Rel1/bin/../lib/gcc/arm-none-eabi/14.2.1/thumb/v6-m/nofp/crtbegin.o
LOAD /home/mohamed/.pico-sdk/toolchain/14_2_Rel1/bin/../lib/gcc/arm-none-eabi/14.2.1/../../../../arm-none-eabi/lib/thumb/v6-m/nofp/crt0.o

.flash_begin    0x10000000        0x0
                0x10000000                        __flash_binary_start = .

.boot2          0x10000000      0x100
                0x10000000                        __boot2_start__ = .
 *(.boot2)
 .boot2         0x10000000      0x100 pico-sdk/src/rp2040/boot_stage2/CMakeFiles/bs2_default_library.dir/bs2_default_padded_checksummed.S.o
                0x10000100                        __boot2_end__ = .
                0x00000001                        ASSERT (((__boot2_end__ - __boot2_start__) == 0x100), ERROR: Pico second stage bootloader must be 256 bytes in size)

.text           0x10000100     0x479c
                0x10000100                        __logical_binary_start = .
 *(.vectors)
 .vectors       0x10000100       0xd4 CMakeFiles/dac_spi_test.dir/home/mohamed/.pico-sdk/sdk/2.2.0/src/rp2_common/pico_crt0/crt0.S.o
                0x10000100                __vectors
                0x10000100                __VECTOR_TABLE
                0x100001c0                isr_irq30
                0x100001c0                __unhandled_user_irq
                0x100001c0                isr_irq13
                0x100001c0                isr_irq27
                0x100001c0                isr_irq31
                0x100001c0                isr_irq5
                0x100001c0                isr_irq11
                0x100001c0                isr_irq23
                0x100001c0                isr_irq18
                0x100001c0                isr_irq28
                0x100001c0                isr_irq19
                0x100001c0                isr_irq0
                0x100001c0                isr_irq6
                0x100001c0                isr_irq22
                0x100001c0                isr_irq17
                0x100001c0                isr_irq14
                0x100001c0                __vectors_end
                0x100001c0                __default_isrs_start
                0x100001c0                isr_irq2
                0x100001c0                isr_irq10
                0x100001c0                isr_irq8
                0x100001c0                isr_irq24
                0x100001c0                isr_irq1
                0x100001c0                isr_irq7
                0x100001c0                isr_irq21
                0x100001c0                isr_irq20
                0x100001c0                isr_irq15
                0x100001c0                isr_irq25
                0x100001c0                isr_irq4
                0x100001c0                isr_irq16
                0x100001c0                isr_irq29
                0x100001c0                isr_irq26
                0x100001c0                isr_irq3
                0x100001c0                isr_irq12
                0x100001c0                isr_irq9
                0x100001c6                unhandled_user_irq_num_in_r0
                0x100001c8                isr_invalid
                0x100001ca                isr_nmi
                0x100001cc                isr_hardfault
                0x100001ce                isr_svcall
                0x100001d0                isr_pendsv
                0x100001d2                isr_systick
                0x100001d4                __default_isrs_end
 *(.binary_info_header)
 .binary_info_header
                0x100001d4       0x14 CMakeFiles/dac_spi_test.dir/home/mohamed/.pico-sdk/sdk/2.2.0/src/rp2_common/pico_crt0/crt0.S.o
                0x100001e8                        __binary_info_header_end = .
 *(.embedded_block)
                0x100001e8                        __embedded_block_end = .
 *(.reset)
 .reset         0x100001e8       0x9c CMakeFiles/dac_spi_test.dir/home/mohamed/.pico-sdk/sdk/2.2.0/src/rp2_common/pico_crt0/crt0.S.o
                0x100001e8                _entry_point
 *(.init)
 .init          0x10000284        0x4 /home/mohamed/.pico-sdk/toolchain/14_2_Rel1/bin/../lib/gcc/arm-none-eabi/14.2.1/thumb/v6-m/nofp/crti.o
                0x10000284                _init
 *(EXCLUDE_FILE(*libm.a: *libc.a:*lib_a-mem*.o *libgcc.a:) .text*)
 .text.register_tm_clones
                0x10000288       0x28 /home/mohamed/.pico-sdk/toolchain/14_2_Rel1/bin/../lib/gcc/arm-none-eabi/14.2.1/thumb/v6-m/nofp/crtbegin.o
 .text.frame_dummy
                0x100002b0       0x24 /home/mohamed/.pico-sdk/toolchain/14_2_Rel1/bin/../lib/gcc/arm-none-eabi/14.2.1/thumb/v6-m/nofp/crtbegin.o
 .text.startup.main
                0x100002d4      0x154 CMakeFiles/dac_spi_test.dir/main.c.o
                0x100002d4                main
 .text.gpio_set_function
                0x10000428       0x34 CMakeFiles/dac_spi_test.dir/home/mohamed/.pico-sdk/sdk/2.2.0/src/rp2_common/hardware_gpio/gpio.c.o
                0x10000428                gpio_set_function
 .text.gpio_init
                0x1000045c       0x40 CMakeFiles/dac_spi_test.dir/home/mohamed/.pico-sdk/sdk/2.2.0/src/rp2_common/hardware_gpio/gpio.c.o
                0x1000045c                gpio_init
 .text.rp2040_chip_version
                0x1000049c        0xc CMakeFiles/dac_spi_test.dir/home/mohamed/.pico-sdk/sdk/2.2.0/src/rp2040/pico_platform/platform.c.o
                0x1000049c                rp2040_chip_version
 .text.panic    0x100004a8       0x30 CMakeFiles/dac_spi_test.dir/home/mohamed/.pico-sdk/sdk/2.2.0/src/rp2_common/pico_platform_panic/panic.c.o
                0x100004a8                panic
 .text.hw_claim_or_assert
                0x100004d8       0x44 CMakeFiles/dac_spi_test.dir/home/mohamed/.pico-sdk/sdk/2.2.0/src/common/hardware_claim/claim.c.o
                0x100004d8                hw_claim_or_assert
 .text.hw_claim_unused_from_range
                0x1000051c       0x88 CMakeFiles/dac_spi_test.dir/home/mohamed/.pico-sdk/sdk/2.2.0/src/common/hardware_claim/claim.c.o
                0x1000051c                hw_claim_unused_from_range
 .text.next_striped_spin_lock_num
                0x100005a4       0x18 CMakeFiles/dac_spi_test.dir/home/mohamed/.pico-sdk/sdk/2.2.0/src/rp2_common/hardware_sync/sync.c.o
                0x100005a4                next_striped_spin_lock_num
 .text.spin_lock_claim_unused
                0x100005bc       0x24 CMakeFiles/dac_spi_test.dir/home/mohamed/.pico-sdk/sdk/2.2.0/src/rp2_common/hardware_sync/sync.c.o
                0x100005bc                spin_lock_claim_unused
 .text.spin_locks_reset
                0x100005e0       0x1c CMakeFiles/dac_spi_test.dir/home/mohamed/.pico-sdk/sdk/2.2.0/src/rp2_common/hardware_sync_spin_lock/sync_spin_lock.c.o
                0x100005e0                spin_locks_reset
 .text.runtime_init_per_core_irq_priorities
                0x100005fc       0x24 CMakeFiles/dac_spi_test.dir/home/mohamed/.pico-sdk/sdk/2.2.0/src/rp2_common/hardware_irq/irq.c.o
                0x100005fc                runtime_init_per_core_irq_priorities
 .text.irq_set_enabled
                0x10000620       0x24 CMakeFiles/dac_spi_test.dir/home/mohamed/.pico-sdk/sdk/2.2.0/src/rp2_common/hardware_irq/irq.c.o
                0x10000620                irq_set_enabled
 .text.irq_is_enabled
                0x10000644       0x18 CMakeFiles/dac_spi_test.dir/home/mohamed/.pico-sdk/sdk/2.2.0/src/rp2_common/hardware_irq/irq.c.o
                0x10000644                irq_is_enabled
 .text.irq_set_pending
                0x1000065c       0x10 CMakeFiles/dac_spi_test.dir/home/mohamed/.pico-sdk/sdk/2.2.0/src/rp2_common/hardware_irq/irq.c.o
                0x1000065c                irq_set_pending
 .text.irq_has_shared_handler
                0x1000066c       0x24 CMakeFiles/dac_spi_test.dir/home/mohamed/.pico-sdk/sdk/2.2.0/src/rp2_common/hardware_irq/irq.c.o
                0x1000066c                irq_has_shared_handler
 .text.irq_set_exclusive_handler
                0x10000690       0x54 CMakeFiles/dac_spi_test.dir/home/mohamed/.pico-sdk/sdk/2.2.0/src/rp2_common/hardware_irq/irq.c.o
                0x10000690                irq_set_exclusive_handler
 .text.irq_add_shared_handler
                0x100006e4      0x1f4 CMakeFiles/dac_spi_test.dir/home/mohamed/.pico-sdk/sdk/2.2.0/src/rp2_common/hardware_irq/irq.c.o
                0x100006e4                irq_add_shared_handler
 .text.irq_add_tail_to_free_list
                0x100008d8       0xb4 CMakeFiles/dac_spi_test.dir/home/mohamed/.pico-sdk/sdk/2.2.0/src/rp2_common/hardware_irq/irq.c.o
                0x100008d8                irq_add_tail_to_free_list
 .text.user_irq_claim_unused
                0x1000098c       0x2c CMakeFiles/dac_spi_test.dir/home/mohamed/.pico-sdk/sdk/2.2.0/src/rp2_common/hardware_irq/irq.c.o
                0x1000098c                user_irq_claim_unused
 .text.lock_init
                0x100009b8       0x10 CMakeFiles/dac_spi_test.dir/home/mohamed/.pico-sdk/sdk/2.2.0/src/common/pico_sync/lock_core.c.o
                0x100009b8                lock_init
 .text.runtime_init_mutex
                0x100009c8       0x50 CMakeFiles/dac_spi_test.dir/home/mohamed/.pico-sdk/sdk/2.2.0/src/common/pico_sync/mutex.c.o
                0x100009c8                runtime_init_mutex
 .text.mutex_init
                0x10000a18       0x1c CMakeFiles/dac_spi_test.dir/home/mohamed/.pico-sdk/sdk/2.2.0/src/common/pico_sync/mutex.c.o
                0x10000a18                mutex_init
 .text.critical_section_init
                0x10000a34       0x1c CMakeFiles/dac_spi_test.dir/home/mohamed/.pico-sdk/sdk/2.2.0/src/common/pico_sync/critical_section.c.o
                0x10000a34                critical_section_init
 .text.critical_section_init_with_lock_num
                0x10000a50       0x14 CMakeFiles/dac_spi_test.dir/home/mohamed/.pico-sdk/sdk/2.2.0/src/common/pico_sync/critical_section.c.o
                0x10000a50                critical_section_init_with_lock_num
 .text.sleep_until_callback
                0x10000a64       0x30 CMakeFiles/dac_spi_test.dir/home/mohamed/.pico-sdk/sdk/2.2.0/src/common/pico_time/time.c.o
 .text.alarm_pool_irq_handler
                0x10000a94      0x300 CMakeFiles/dac_spi_test.dir/home/mohamed/.pico-sdk/sdk/2.2.0/src/common/pico_time/time.c.o
 .text.runtime_init_default_alarm_pool
                0x10000d94       0xdc CMakeFiles/dac_spi_test.dir/home/mohamed/.pico-sdk/sdk/2.2.0/src/common/pico_time/time.c.o
                0x10000d94                runtime_init_default_alarm_pool
 .text.alarm_pool_get_default
                0x10000e70        0x8 CMakeFiles/dac_spi_test.dir/home/mohamed/.pico-sdk/sdk/2.2.0/src/common/pico_time/time.c.o
                0x10000e70                alarm_pool_get_default
 .text.alarm_pool_add_alarm_at
                0x10000e78       0xd0 CMakeFiles/dac_spi_test.dir/home/mohamed/.pico-sdk/sdk/2.2.0/src/common/pico_time/time.c.o
                0x10000e78                alarm_pool_add_alarm_at
 .text.alarm_pool_add_alarm_at_force_in_context
                0x10000f48       0xb0 CMakeFiles/dac_spi_test.dir/home/mohamed/.pico-sdk/sdk/2.2.0/src/common/pico_time/time.c.o
                0x10000f48                alarm_pool_add_alarm_at_force_in_context
 .text.alarm_pool_cancel_alarm
                0x10000ff8       0x74 CMakeFiles/dac_spi_test.dir/home/mohamed/.pico-sdk/sdk/2.2.0/src/common/pico_time/time.c.o
                0x10000ff8                alarm_pool_cancel_alarm
 .text.alarm_pool_core_num
                0x1000106c        0x4 CMakeFiles/dac_spi_test.dir/home/mohamed/.pico-sdk/sdk/2.2.0/src/common/pico_time/time.c.o
                0x1000106c                alarm_pool_core_num
 .text.sleep_ms
                0x10001070       0xfc CMakeFiles/dac_spi_test.dir/home/mohamed/.pico-sdk/sdk/2.2.0/src/common/pico_time/time.c.o
                0x10001070                sleep_ms
 .text.best_effort_wfe_or_timeout
                0x1000116c      0x10c CMakeFiles/dac_spi_test.dir/home/mohamed/.pico-sdk/sdk/2.2.0/src/common/pico_time/time.c.o
                0x1000116c                best_effort_wfe_or_timeout
 .text.timer_hardware_alarm_claim
                0x10001278       0x14 CMakeFiles/dac_spi_test.dir/home/mohamed/.pico-sdk/sdk/2.2.0/src/rp2_common/hardware_timer/timer.c.o
                0x10001278                timer_hardware_alarm_claim
 .text.timer_time_us_64
                0x1000128c       0x10 CMakeFiles/dac_spi_test.dir/home/mohamed/.pico-sdk/sdk/2.2.0/src/rp2_common/hardware_timer/timer.c.o
                0x1000128c                timer_time_us_64
 .text.time_us_64
                0x1000129c       0x14 CMakeFiles/dac_spi_test.dir/home/mohamed/.pico-sdk/sdk/2.2.0/src/rp2_common/hardware_timer/timer.c.o
                0x1000129c                time_us_64
 .text.busy_wait_until
                0x100012b0       0x20 CMakeFiles/dac_spi_test.dir/home/mohamed/.pico-sdk/sdk/2.2.0/src/rp2_common/hardware_timer/timer.c.o
                0x100012b0                busy_wait_until
 .text.clock_configure_int_divider
                0x100012d0       0xf4 CMakeFiles/dac_spi_test.dir/home/mohamed/.pico-sdk/sdk/2.2.0/src/rp2_common/hardware_clocks/clocks.c.o
                0x100012d0                clock_configure_int_divider
 .text.clock_configure_undivided
                0x100013c4       0xe8 CMakeFiles/dac_spi_test.dir/home/mohamed/.pico-sdk/sdk/2.2.0/src/rp2_common/hardware_clocks/clocks.c.o
                0x100013c4                clock_configure_undivided
 .text.clock_get_hz
                0x100014ac        0xc CMakeFiles/dac_spi_test.dir/home/mohamed/.pico-sdk/sdk/2.2.0/src/rp2_common/hardware_clocks/clocks.c.o
                0x100014ac                clock_get_hz
 .text.pll_init
                0x100014b8       0xa4 CMakeFiles/dac_spi_test.dir/home/mohamed/.pico-sdk/sdk/2.2.0/src/rp2_common/hardware_pll/pll.c.o
                0x100014b8                pll_init
 .text.watchdog_reboot
                0x1000155c       0x9c CMakeFiles/dac_spi_test.dir/home/mohamed/.pico-sdk/sdk/2.2.0/src/rp2_common/hardware_watchdog/watchdog.c.o
                0x1000155c                watchdog_reboot
 .text.tick_start
                0x100015f8       0x10 CMakeFiles/dac_spi_test.dir/home/mohamed/.pico-sdk/sdk/2.2.0/src/rp2_common/hardware_ticks/ticks.c.o
                0x100015f8                tick_start
 .text.rom_func_lookup
                0x10001608       0x10 CMakeFiles/dac_spi_test.dir/home/mohamed/.pico-sdk/sdk/2.2.0/src/rp2_common/pico_bootrom/bootrom.c.o
                0x10001608                rom_func_lookup
 .text.rom_data_lookup
                0x10001618       0x10 CMakeFiles/dac_spi_test.dir/home/mohamed/.pico-sdk/sdk/2.2.0/src/rp2_common/pico_bootrom/bootrom.c.o
                0x10001618                rom_data_lookup
 .text.rom_funcs_lookup
                0x10001628       0x44 CMakeFiles/dac_spi_test.dir/home/mohamed/.pico-sdk/sdk/2.2.0/src/rp2_common/pico_bootrom/bootrom.c.o
                0x10001628                rom_funcs_lookup
 .text.rom_reset_usb_boot_extra
                0x1000166c       0x24 CMakeFiles/dac_spi_test.dir/home/mohamed/.pico-sdk/sdk/2.2.0/src/rp2_common/pico_bootrom/bootrom.c.o
                0x1000166c                rom_reset_usb_boot_extra
 .text.xosc_init
                0x10001690       0x28 CMakeFiles/dac_spi_test.dir/home/mohamed/.pico-sdk/sdk/2.2.0/src/rp2_common/hardware_xosc/xosc.c.o
                0x10001690                xosc_init
 .text.first_per_core_initializer
                0x100016b8        0x4 CMakeFiles/dac_spi_test.dir/home/mohamed/.pico-sdk/sdk/2.2.0/src/rp2_common/pico_runtime/runtime.c.o
 .text.hard_assertion_failure
                0x100016bc        0xc CMakeFiles/dac_spi_test.dir/home/mohamed/.pico-sdk/sdk/2.2.0/src/rp2_common/pico_runtime/runtime.c.o
                0x100016bc                hard_assertion_failure
 .text.runtime_run_initializers
                0x100016c8       0x28 CMakeFiles/dac_spi_test.dir/home/mohamed/.pico-sdk/sdk/2.2.0/src/rp2_common/pico_runtime/runtime.c.o
                0x100016c8                runtime_run_initializers
 .text.runtime_init_early_resets
                0x100016f0       0x2c CMakeFiles/dac_spi_test.dir/home/mohamed/.pico-sdk/sdk/2.2.0/src/rp2_common/pico_runtime_init/runtime_init.c.o
                0x100016f0                runtime_init_early_resets
 .text.runtime_init_usb_power_down
                0x1000171c       0x1c CMakeFiles/dac_spi_test.dir/home/mohamed/.pico-sdk/sdk/2.2.0/src/rp2_common/pico_runtime_init/runtime_init.c.o
                0x1000171c                runtime_init_usb_power_down
 .text.runtime_init_post_clock_resets
                0x10001738       0x20 CMakeFiles/dac_spi_test.dir/home/mohamed/.pico-sdk/sdk/2.2.0/src/rp2_common/pico_runtime_init/runtime_init.c.o
                0x10001738                runtime_init_post_clock_resets
 .text.runtime_init_rp2040_gpio_ie_disable
                0x10001758       0x14 CMakeFiles/dac_spi_test.dir/home/mohamed/.pico-sdk/sdk/2.2.0/src/rp2_common/pico_runtime_init/runtime_init.c.o
                0x10001758                runtime_init_rp2040_gpio_ie_disable
 .text.runtime_init_spin_locks_reset
                0x1000176c        0x8 CMakeFiles/dac_spi_test.dir/home/mohamed/.pico-sdk/sdk/2.2.0/src/rp2_common/pico_runtime_init/runtime_init.c.o
                0x1000176c                runtime_init_spin_locks_reset
 .text.runtime_init_install_ram_vector_table
                0x10001774       0xb4 CMakeFiles/dac_spi_test.dir/home/mohamed/.pico-sdk/sdk/2.2.0/src/rp2_common/pico_runtime_init/runtime_init.c.o
                0x10001774                runtime_init_install_ram_vector_table
 .text.runtime_init_clocks
                0x10001828       0xd8 CMakeFiles/dac_spi_test.dir/home/mohamed/.pico-sdk/sdk/2.2.0/src/rp2_common/pico_runtime_init/runtime_init_clocks.c.o
                0x10001828                runtime_init_clocks
 .text          0x10001900       0x10 CMakeFiles/dac_spi_test.dir/home/mohamed/.pico-sdk/sdk/2.2.0/src/rp2_common/pico_bit_ops/bit_ops_aeabi.S.o
 .text.__wrap___aeabi_uidiv
                0x10001910       0x4c CMakeFiles/dac_spi_test.dir/home/mohamed/.pico-sdk/sdk/2.2.0/src/rp2_common/pico_divider/divider_hardware.S.o
                0x10001910                __wrap___aeabi_uidiv
                0x10001910                __wrap___aeabi_uidivmod
                0x10001910                div_u32u32
                0x10001910                divmod_u32u32
                0x10001918                divmod_u32u32_unsafe
                0x10001940                divmod_u32u32_savestate
 .text.__aeabi_double_init
                0x1000195c       0xa4 CMakeFiles/dac_spi_test.dir/home/mohamed/.pico-sdk/sdk/2.2.0/src/rp2_common/pico_double/double_init_rom_rp2040.c.o
                0x1000195c                __aeabi_double_init
 .text.double_table_shim_on_use_helper
                0x10001a00       0x2c CMakeFiles/dac_spi_test.dir/home/mohamed/.pico-sdk/sdk/2.2.0/src/rp2_common/pico_double/double_v1_rom_shim_rp2040.S.o
                0x10001a00                double_table_shim_on_use_helper
 .text.__aeabi_lmul
                0x10001a2c       0x32 CMakeFiles/dac_spi_test.dir/home/mohamed/.pico-sdk/sdk/2.2.0/src/rp2_common/pico_int64_ops/pico_int64_ops_aeabi.S.o
                0x10001a2c                __wrap___aeabi_lmul
 *fill*         0x10001a5e        0x2 
 .text.__aeabi_float_init
                0x10001a60       0x64 CMakeFiles/dac_spi_test.dir/home/mohamed/.pico-sdk/sdk/2.2.0/src/rp2_common/pico_float/float_init_rom_rp2040.c.o
                0x10001a60                __aeabi_float_init
 .text.float_table_shim_on_use_helper
                0x10001ac4       0x2c CMakeFiles/dac_spi_test.dir/home/mohamed/.pico-sdk/sdk/2.2.0/src/rp2_common/pico_float/float_v1_rom_shim_rp2040.S.o
                0x10001ac4                float_table_shim_on_use_helper
 .text          0x10001af0       0x10 CMakeFiles/dac_spi_test.dir/home/mohamed/.pico-sdk/sdk/2.2.0/src/rp2_common/pico_mem_ops/mem_ops_aeabi.S.o
                0x10001af0                __aeabi_mem_init
 .text.memset   0x10001b00        0xc CMakeFiles/dac_spi_test.dir/home/mohamed/.pico-sdk/sdk/2.2.0/src/rp2_common/pico_mem_ops/mem_ops_aeabi.S.o
                0x10001b00                __wrap_memset
 .text.memcpy   0x10001b0c        0xc CMakeFiles/dac_spi_test.dir/home/mohamed/.pico-sdk/sdk/2.2.0/src/rp2_common/pico_mem_ops/mem_ops_aeabi.S.o
                0x10001b0c                __wrap___aeabi_memcpy
                0x10001b0c                __wrap_memcpy
 .text._out_char
                0x10001b18       0x10 CMakeFiles/dac_spi_test.dir/home/mohamed/.pico-sdk/sdk/2.2.0/src/rp2_common/pico_printf/printf.c.o
 .text.weak_raw_vprintf
                0x10001b28       0x30 CMakeFiles/dac_spi_test.dir/home/mohamed/.pico-sdk/sdk/2.2.0/src/rp2_common/pico_printf/printf.c.o
                0x10001b28                weak_raw_vprintf
 .text._exit    0x10001b58        0x4 CMakeFiles/dac_spi_test.dir/home/mohamed/.pico-sdk/sdk/2.2.0/src/rp2_common/pico_clib_interface/newlib_interface.c.o
                0x10001b58                _exit
 .text.exit     0x10001b5c        0x8 CMakeFiles/dac_spi_test.dir/home/mohamed/.pico-sdk/sdk/2.2.0/src/rp2_common/pico_clib_interface/newlib_interface.c.o
                0x10001b5c                exit
 .text.runtime_init
                0x10001b64       0x2c CMakeFiles/dac_spi_test.dir/home/mohamed/.pico-sdk/sdk/2.2.0/src/rp2_common/pico_clib_interface/newlib_interface.c.o
                0x10001b64                runtime_init
 .text.stdio_out_chars_no_crlf
                0x10001b90       0x10 CMakeFiles/dac_spi_test.dir/home/mohamed/.pico-sdk/sdk/2.2.0/src/rp2_common/pico_stdio/stdio.c.o
 .text.stdio_out_chars_crlf
                0x10001ba0       0xb0 CMakeFiles/dac_spi_test.dir/home/mohamed/.pico-sdk/sdk/2.2.0/src/rp2_common/pico_stdio/stdio.c.o
 .text.stdio_put_string
                0x10001c50       0xfc CMakeFiles/dac_spi_test.dir/home/mohamed/.pico-sdk/sdk/2.2.0/src/rp2_common/pico_stdio/stdio.c.o
                0x10001c50                stdio_put_string
 .text.stdio_set_driver_enabled
                0x10001d4c       0x30 CMakeFiles/dac_spi_test.dir/home/mohamed/.pico-sdk/sdk/2.2.0/src/rp2_common/pico_stdio/stdio.c.o
                0x10001d4c                stdio_set_driver_enabled
 .text.stdio_init_all
                0x10001d7c        0x8 CMakeFiles/dac_spi_test.dir/home/mohamed/.pico-sdk/sdk/2.2.0/src/rp2_common/pico_stdio/stdio.c.o
                0x10001d7c                stdio_init_all
 .text.__wrap_putchar
                0x10001d84       0x94 CMakeFiles/dac_spi_test.dir/home/mohamed/.pico-sdk/sdk/2.2.0/src/rp2_common/pico_stdio/stdio.c.o
                0x10001d84                stdio_putchar
                0x10001d84                __wrap_putchar
 .text.__wrap_puts
                0x10001e18       0x3c CMakeFiles/dac_spi_test.dir/home/mohamed/.pico-sdk/sdk/2.2.0/src/rp2_common/pico_stdio/stdio.c.o
                0x10001e18                __wrap_puts
                0x10001e18                stdio_puts
 .text.resetd_init
                0x10001e54        0x4 CMakeFiles/dac_spi_test.dir/home/mohamed/.pico-sdk/sdk/2.2.0/src/rp2_common/pico_stdio_usb/reset_interface.c.o
 .text.resetd_reset
                0x10001e58        0xc CMakeFiles/dac_spi_test.dir/home/mohamed/.pico-sdk/sdk/2.2.0/src/rp2_common/pico_stdio_usb/reset_interface.c.o
 .text.resetd_open
                0x10001e64       0x28 CMakeFiles/dac_spi_test.dir/home/mohamed/.pico-sdk/sdk/2.2.0/src/rp2_common/pico_stdio_usb/reset_interface.c.o
 .text.resetd_xfer_cb
                0x10001e8c        0x4 CMakeFiles/dac_spi_test.dir/home/mohamed/.pico-sdk/sdk/2.2.0/src/rp2_common/pico_stdio_usb/reset_interface.c.o
 .text.resetd_control_xfer_cb
                0x10001e90       0x54 CMakeFiles/dac_spi_test.dir/home/mohamed/.pico-sdk/sdk/2.2.0/src/rp2_common/pico_stdio_usb/reset_interface.c.o
 .text.tud_descriptor_bos_cb
                0x10001ee4        0x8 CMakeFiles/dac_spi_test.dir/home/mohamed/.pico-sdk/sdk/2.2.0/src/rp2_common/pico_stdio_usb/reset_interface.c.o
                0x10001ee4                tud_descriptor_bos_cb
 .text.tud_vendor_control_xfer_cb
                0x10001eec       0x34 CMakeFiles/dac_spi_test.dir/home/mohamed/.pico-sdk/sdk/2.2.0/src/rp2_common/pico_stdio_usb/reset_interface.c.o
                0x10001eec                tud_vendor_control_xfer_cb
 .text.usbd_app_driver_get_cb
                0x10001f20        0xc CMakeFiles/dac_spi_test.dir/home/mohamed/.pico-sdk/sdk/2.2.0/src/rp2_common/pico_stdio_usb/reset_interface.c.o
                0x10001f20                usbd_app_driver_get_cb
 .text.tud_cdc_line_coding_cb
                0x10001f2c       0x2c CMakeFiles/dac_spi_test.dir/home/mohamed/.pico-sdk/sdk/2.2.0/src/rp2_common/pico_stdio_usb/reset_interface.c.o
                0x10001f2c                tud_cdc_line_coding_cb
 .text.stdio_usb_set_chars_available_callback
                0x10001f58       0x14 CMakeFiles/dac_spi_test.dir/home/mohamed/.pico-sdk/sdk/2.2.0/src/rp2_common/pico_stdio_usb/stdio_usb.c.o
                0x10001f58                stdio_usb_set_chars_available_callback
 .text.usb_irq  0x10001f6c       0x10 CMakeFiles/dac_spi_test.dir/home/mohamed/.pico-sdk/sdk/2.2.0/src/rp2_common/pico_stdio_usb/stdio_usb.c.o
 .text.timer_task
                0x10001f7c       0x64 CMakeFiles/dac_spi_test.dir/home/mohamed/.pico-sdk/sdk/2.2.0/src/rp2_common/pico_stdio_usb/stdio_usb.c.o
 .text.stdio_usb_in_chars
                0x10001fe0       0x8c CMakeFiles/dac_spi_test.dir/home/mohamed/.pico-sdk/sdk/2.2.0/src/rp2_common/pico_stdio_usb/stdio_usb.c.o
                0x10001fe0                stdio_usb_in_chars
 .text.stdio_usb_out_flush
                0x1000206c       0x4c CMakeFiles/dac_spi_test.dir/home/mohamed/.pico-sdk/sdk/2.2.0/src/rp2_common/pico_stdio_usb/stdio_usb.c.o
 .text.stdio_usb_out_chars
                0x100020b8      0x100 CMakeFiles/dac_spi_test.dir/home/mohamed/.pico-sdk/sdk/2.2.0/src/rp2_common/pico_stdio_usb/stdio_usb.c.o
 .text.low_priority_worker_irq
                0x100021b8       0xc8 CMakeFiles/dac_spi_test.dir/home/mohamed/.pico-sdk/sdk/2.2.0/src/rp2_common/pico_stdio_usb/stdio_usb.c.o
 .text.stdio_usb_init
                0x10002280       0xe8 CMakeFiles/dac_spi_test.dir/home/mohamed/.pico-sdk/sdk/2.2.0/src/rp2_common/pico_stdio_usb/stdio_usb.c.o
                0x10002280                stdio_usb_init
 .text.tud_descriptor_device_cb
                0x10002368        0x8 CMakeFiles/dac_spi_test.dir/home/mohamed/.pico-sdk/sdk/2.2.0/src/rp2_common/pico_stdio_usb/stdio_usb_descriptors.c.o
                0x10002368                tud_descriptor_device_cb
 .text.tud_descriptor_configuration_cb
                0x10002370        0x8 CMakeFiles/dac_spi_test.dir/home/mohamed/.pico-sdk/sdk/2.2.0/src/rp2_common/pico_stdio_usb/stdio_usb_descriptors.c.o
                0x10002370                tud_descriptor_configuration_cb
 .text.tud_descriptor_string_cb
                0x10002378       0x78 CMakeFiles/dac_spi_test.dir/home/mohamed/.pico-sdk/sdk/2.2.0/src/rp2_common/pico_stdio_usb/stdio_usb_descriptors.c.o
                0x10002378                tud_descriptor_string_cb
 .text.startup._retrieve_unique_id_on_boot
                0x100023f0       0x10 CMakeFiles/dac_spi_test.dir/home/mohamed/.pico-sdk/sdk/2.2.0/src/rp2_common/pico_unique_id/unique_id.c.o
 .text.pico_get_unique_board_id_string
                0x10002400      0x1a8 CMakeFiles/dac_spi_test.dir/home/mohamed/.pico-sdk/sdk/2.2.0/src/rp2_common/pico_unique_id/unique_id.c.o
                0x10002400                pico_get_unique_board_id_string
 .text.flash_get_unique_id
                0x100025a8       0x3c CMakeFiles/dac_spi_test.dir/home/mohamed/.pico-sdk/sdk/2.2.0/src/rp2_common/hardware_flash/flash.c.o
                0x100025a8                flash_get_unique_id
 .text.dcd_init
                0x100025e4       0x90 CMakeFiles/dac_spi_test.dir/home/mohamed/.pico-sdk/sdk/2.2.0/lib/tinyusb/src/portable/raspberrypi/rp2040/dcd_rp2040.c.o
                0x100025e4                dcd_init
 .text.dcd_int_enable
                0x10002674        0xc CMakeFiles/dac_spi_test.dir/home/mohamed/.pico-sdk/sdk/2.2.0/lib/tinyusb/src/portable/raspberrypi/rp2040/dcd_rp2040.c.o
                0x10002674                dcd_int_enable
 .text.dcd_set_address
                0x10002680       0x14 CMakeFiles/dac_spi_test.dir/home/mohamed/.pico-sdk/sdk/2.2.0/lib/tinyusb/src/portable/raspberrypi/rp2040/dcd_rp2040.c.o
                0x10002680                dcd_set_address
 .text.dcd_sof_enable
                0x10002694       0x1c CMakeFiles/dac_spi_test.dir/home/mohamed/.pico-sdk/sdk/2.2.0/lib/tinyusb/src/portable/raspberrypi/rp2040/dcd_rp2040.c.o
                0x10002694                dcd_sof_enable
 .text.dcd_edpt0_status_complete
                0x100026b0       0x1c CMakeFiles/dac_spi_test.dir/home/mohamed/.pico-sdk/sdk/2.2.0/lib/tinyusb/src/portable/raspberrypi/rp2040/dcd_rp2040.c.o
                0x100026b0                dcd_edpt0_status_complete
 .text.dcd_edpt_open
                0x100026cc      0x114 CMakeFiles/dac_spi_test.dir/home/mohamed/.pico-sdk/sdk/2.2.0/lib/tinyusb/src/portable/raspberrypi/rp2040/dcd_rp2040.c.o
                0x100026cc                dcd_edpt_open
 .text.dcd_edpt_close_all
                0x100027e0        0x8 CMakeFiles/dac_spi_test.dir/home/mohamed/.pico-sdk/sdk/2.2.0/lib/tinyusb/src/portable/raspberrypi/rp2040/dcd_rp2040.c.o
                0x100027e0                dcd_edpt_close_all
 .text.dcd_edpt_xfer
                0x100027e8       0x24 CMakeFiles/dac_spi_test.dir/home/mohamed/.pico-sdk/sdk/2.2.0/lib/tinyusb/src/portable/raspberrypi/rp2040/dcd_rp2040.c.o
                0x100027e8                dcd_edpt_xfer
 .text.dcd_edpt_stall
                0x1000280c       0x3c CMakeFiles/dac_spi_test.dir/home/mohamed/.pico-sdk/sdk/2.2.0/lib/tinyusb/src/portable/raspberrypi/rp2040/dcd_rp2040.c.o
                0x1000280c                dcd_edpt_stall
 .text.dcd_edpt_clear_stall
                0x10002848       0x30 CMakeFiles/dac_spi_test.dir/home/mohamed/.pico-sdk/sdk/2.2.0/lib/tinyusb/src/portable/raspberrypi/rp2040/dcd_rp2040.c.o
                0x10002848                dcd_edpt_clear_stall
 .text.rp2040_usb_init
                0x10002878       0x40 CMakeFiles/dac_spi_test.dir/home/mohamed/.pico-sdk/sdk/2.2.0/lib/tinyusb/src/portable/raspberrypi/rp2040/rp2040_usb.c.o
                0x10002878                rp2040_usb_init
 .text.hw_endpoint_xfer_start
                0x100028b8       0x40 CMakeFiles/dac_spi_test.dir/home/mohamed/.pico-sdk/sdk/2.2.0/lib/tinyusb/src/portable/raspberrypi/rp2040/rp2040_usb.c.o
                0x100028b8                hw_endpoint_xfer_start
 .text.tud_event_hook_cb
                0x100028f8        0x4 CMakeFiles/dac_spi_test.dir/home/mohamed/.pico-sdk/sdk/2.2.0/lib/tinyusb/src/device/usbd.c.o
                0x100028f8                tud_event_hook_cb
 .text.tud_sof_cb
                0x100028fc        0x4 CMakeFiles/dac_spi_test.dir/home/mohamed/.pico-sdk/sdk/2.2.0/lib/tinyusb/src/device/usbd.c.o
                0x100028fc                tud_sof_cb
 .text.tud_descriptor_device_qualifier_cb
                0x10002900        0x4 CMakeFiles/dac_spi_test.dir/home/mohamed/.pico-sdk/sdk/2.2.0/lib/tinyusb/src/device/usbd.c.o
                0x10002900                tud_descriptor_device_qualifier_cb
 .text.tud_descriptor_other_speed_configuration_cb
                0x10002904        0x4 CMakeFiles/dac_spi_test.dir/home/mohamed/.pico-sdk/sdk/2.2.0/lib/tinyusb/src/device/usbd.c.o
                0x10002904                tud_descriptor_other_speed_configuration_cb
 .text.tud_mount_cb
                0x10002908        0x4 CMakeFiles/dac_spi_test.dir/home/mohamed/.pico-sdk/sdk/2.2.0/lib/tinyusb/src/device/usbd.c.o
                0x10002908                tud_mount_cb
 .text.tud_umount_cb
                0x1000290c        0x4 CMakeFiles/dac_spi_test.dir/home/mohamed/.pico-sdk/sdk/2.2.0/lib/tinyusb/src/device/usbd.c.o
                0x1000290c                tud_umount_cb
 .text.tud_suspend_cb
                0x10002910        0x4 CMakeFiles/dac_spi_test.dir/home/mohamed/.pico-sdk/sdk/2.2.0/lib/tinyusb/src/device/usbd.c.o
                0x10002910                tud_suspend_cb
 .text.tud_resume_cb
                0x10002914        0x4 CMakeFiles/dac_spi_test.dir/home/mohamed/.pico-sdk/sdk/2.2.0/lib/tinyusb/src/device/usbd.c.o
                0x10002914                tud_resume_cb
 .text.tud_mounted
                0x10002918       0x10 CMakeFiles/dac_spi_test.dir/home/mohamed/.pico-sdk/sdk/2.2.0/lib/tinyusb/src/device/usbd.c.o
                0x10002918                tud_mounted
 .text.tud_suspended
                0x10002928       0x10 CMakeFiles/dac_spi_test.dir/home/mohamed/.pico-sdk/sdk/2.2.0/lib/tinyusb/src/device/usbd.c.o
                0x10002928                tud_suspended
 .text.tud_rhport_init
                0x10002938       0xf4 CMakeFiles/dac_spi_test.dir/home/mohamed/.pico-sdk/sdk/2.2.0/lib/tinyusb/src/device/usbd.c.o
                0x10002938                tud_rhport_init
 .text.tud_task_ext
                0x10002a2c      0x800 CMakeFiles/dac_spi_test.dir/home/mohamed/.pico-sdk/sdk/2.2.0/lib/tinyusb/src/device/usbd.c.o
                0x10002a2c                tud_task_ext
 .text.usbd_open_edpt_pair
                0x1000322c       0x9c CMakeFiles/dac_spi_test.dir/home/mohamed/.pico-sdk/sdk/2.2.0/lib/tinyusb/src/device/usbd.c.o
                0x1000322c                usbd_open_edpt_pair
 .text.usbd_edpt_open
                0x100032c8       0x34 CMakeFiles/dac_spi_test.dir/home/mohamed/.pico-sdk/sdk/2.2.0/lib/tinyusb/src/device/usbd.c.o
                0x100032c8                usbd_edpt_open
 .text.usbd_edpt_claim
                0x100032fc       0x28 CMakeFiles/dac_spi_test.dir/home/mohamed/.pico-sdk/sdk/2.2.0/lib/tinyusb/src/device/usbd.c.o
                0x100032fc                usbd_edpt_claim
 .text.usbd_edpt_release
                0x10003324       0x28 CMakeFiles/dac_spi_test.dir/home/mohamed/.pico-sdk/sdk/2.2.0/lib/tinyusb/src/device/usbd.c.o
                0x10003324                usbd_edpt_release
 .text.usbd_edpt_xfer
                0x1000334c       0x4c CMakeFiles/dac_spi_test.dir/home/mohamed/.pico-sdk/sdk/2.2.0/lib/tinyusb/src/device/usbd.c.o
                0x1000334c                usbd_edpt_xfer
 .text.tud_control_status
                0x10003398       0x2c CMakeFiles/dac_spi_test.dir/home/mohamed/.pico-sdk/sdk/2.2.0/lib/tinyusb/src/device/usbd_control.c.o
                0x10003398                tud_control_status
 .text.tud_control_xfer
                0x100033c4       0xa8 CMakeFiles/dac_spi_test.dir/home/mohamed/.pico-sdk/sdk/2.2.0/lib/tinyusb/src/device/usbd_control.c.o
                0x100033c4                tud_control_xfer
 .text.usbd_control_reset
                0x1000346c       0x14 CMakeFiles/dac_spi_test.dir/home/mohamed/.pico-sdk/sdk/2.2.0/lib/tinyusb/src/device/usbd_control.c.o
                0x1000346c                usbd_control_reset
 .text.usbd_control_set_complete_callback
                0x10003480        0xc CMakeFiles/dac_spi_test.dir/home/mohamed/.pico-sdk/sdk/2.2.0/lib/tinyusb/src/device/usbd_control.c.o
                0x10003480                usbd_control_set_complete_callback
 .text.usbd_control_set_request
                0x1000348c       0x1c CMakeFiles/dac_spi_test.dir/home/mohamed/.pico-sdk/sdk/2.2.0/lib/tinyusb/src/device/usbd_control.c.o
                0x1000348c                usbd_control_set_request
 .text.usbd_control_xfer_cb
                0x100034a8       0xec CMakeFiles/dac_spi_test.dir/home/mohamed/.pico-sdk/sdk/2.2.0/lib/tinyusb/src/device/usbd_control.c.o
                0x100034a8                usbd_control_xfer_cb
 .text._prep_out_transaction.isra.0
                0x10003594       0x6c CMakeFiles/dac_spi_test.dir/home/mohamed/.pico-sdk/sdk/2.2.0/lib/tinyusb/src/class/cdc/cdc_device.c.o
 .text.tud_cdc_n_connected
                0x10003600       0x2c CMakeFiles/dac_spi_test.dir/home/mohamed/.pico-sdk/sdk/2.2.0/lib/tinyusb/src/class/cdc/cdc_device.c.o
                0x10003600                tud_cdc_n_connected
 .text.tud_cdc_n_available
                0x1000362c       0x14 CMakeFiles/dac_spi_test.dir/home/mohamed/.pico-sdk/sdk/2.2.0/lib/tinyusb/src/class/cdc/cdc_device.c.o
                0x1000362c                tud_cdc_n_available
 .text.tud_cdc_n_read
                0x10003640       0x88 CMakeFiles/dac_spi_test.dir/home/mohamed/.pico-sdk/sdk/2.2.0/lib/tinyusb/src/class/cdc/cdc_device.c.o
                0x10003640                tud_cdc_n_read
 .text.tud_cdc_n_write_flush
                0x100036c8       0x74 CMakeFiles/dac_spi_test.dir/home/mohamed/.pico-sdk/sdk/2.2.0/lib/tinyusb/src/class/cdc/cdc_device.c.o
                0x100036c8                tud_cdc_n_write_flush
 .text.tud_cdc_n_write
                0x1000373c       0x40 CMakeFiles/dac_spi_test.dir/home/mohamed/.pico-sdk/sdk/2.2.0/lib/tinyusb/src/class/cdc/cdc_device.c.o
                0x1000373c                tud_cdc_n_write
 .text.tud_cdc_n_write_available
                0x1000377c       0x14 CMakeFiles/dac_spi_test.dir/home/mohamed/.pico-sdk/sdk/2.2.0/lib/tinyusb/src/class/cdc/cdc_device.c.o
                0x1000377c                tud_cdc_n_write_available
 .text.cdcd_init
                0x10003790       0x70 CMakeFiles/dac_spi_test.dir/home/mohamed/.pico-sdk/sdk/2.2.0/lib/tinyusb/src/class/cdc/cdc_device.c.o
                0x10003790                cdcd_init
 .text.cdcd_deinit
                0x10003800       0x30 CMakeFiles/dac_spi_test.dir/home/mohamed/.pico-sdk/sdk/2.2.0/lib/tinyusb/src/class/cdc/cdc_device.c.o
                0x10003800                cdcd_deinit
 .text.cdcd_reset
                0x10003830       0x4c CMakeFiles/dac_spi_test.dir/home/mohamed/.pico-sdk/sdk/2.2.0/lib/tinyusb/src/class/cdc/cdc_device.c.o
                0x10003830                cdcd_reset
 .text.cdcd_open
                0x1000387c       0xa4 CMakeFiles/dac_spi_test.dir/home/mohamed/.pico-sdk/sdk/2.2.0/lib/tinyusb/src/class/cdc/cdc_device.c.o
                0x1000387c                cdcd_open
 .text.cdcd_control_xfer_cb
                0x10003920       0xe8 CMakeFiles/dac_spi_test.dir/home/mohamed/.pico-sdk/sdk/2.2.0/lib/tinyusb/src/class/cdc/cdc_device.c.o
                0x10003920                cdcd_control_xfer_cb
 .text.cdcd_xfer_cb
                0x10003a08      0x100 CMakeFiles/dac_spi_test.dir/home/mohamed/.pico-sdk/sdk/2.2.0/lib/tinyusb/src/class/cdc/cdc_device.c.o
                0x10003a08                cdcd_xfer_cb
 .text.vendord_init
                0x10003b08       0x5c CMakeFiles/dac_spi_test.dir/home/mohamed/.pico-sdk/sdk/2.2.0/lib/tinyusb/src/class/vendor/vendor_device.c.o
                0x10003b08                vendord_init
 .text.vendord_deinit
                0x10003b64       0x1c CMakeFiles/dac_spi_test.dir/home/mohamed/.pico-sdk/sdk/2.2.0/lib/tinyusb/src/class/vendor/vendor_device.c.o
                0x10003b64                vendord_deinit
 .text.vendord_reset
                0x10003b80       0x28 CMakeFiles/dac_spi_test.dir/home/mohamed/.pico-sdk/sdk/2.2.0/lib/tinyusb/src/class/vendor/vendor_device.c.o
                0x10003b80                vendord_reset
 .text.vendord_open
                0x10003ba8      0x120 CMakeFiles/dac_spi_test.dir/home/mohamed/.pico-sdk/sdk/2.2.0/lib/tinyusb/src/class/vendor/vendor_device.c.o
                0x10003ba8                vendord_open
 .text.vendord_xfer_cb
                0x10003cc8       0x9c CMakeFiles/dac_spi_test.dir/home/mohamed/.pico-sdk/sdk/2.2.0/lib/tinyusb/src/class/vendor/vendor_device.c.o
                0x10003cc8                vendord_xfer_cb
 .text.tusb_rhport_init
                0x10003d64       0x4c CMakeFiles/dac_spi_test.dir/home/mohamed/.pico-sdk/sdk/2.2.0/lib/tinyusb/src/tusb.c.o
                0x10003d64                tusb_rhport_init
 .text.tu_edpt_claim
                0x10003db0       0x50 CMakeFiles/dac_spi_test.dir/home/mohamed/.pico-sdk/sdk/2.2.0/lib/tinyusb/src/tusb.c.o
                0x10003db0                tu_edpt_claim
 .text.tu_edpt_release
                0x10003e00       0x38 CMakeFiles/dac_spi_test.dir/home/mohamed/.pico-sdk/sdk/2.2.0/lib/tinyusb/src/tusb.c.o
                0x10003e00                tu_edpt_release
 .text.tu_edpt_validate
                0x10003e38       0x7c CMakeFiles/dac_spi_test.dir/home/mohamed/.pico-sdk/sdk/2.2.0/lib/tinyusb/src/tusb.c.o
                0x10003e38                tu_edpt_validate
 .text.tu_edpt_bind_driver
                0x10003eb4       0x34 CMakeFiles/dac_spi_test.dir/home/mohamed/.pico-sdk/sdk/2.2.0/lib/tinyusb/src/tusb.c.o
                0x10003eb4                tu_edpt_bind_driver
 .text.tu_edpt_stream_init
                0x10003ee8       0x6c CMakeFiles/dac_spi_test.dir/home/mohamed/.pico-sdk/sdk/2.2.0/lib/tinyusb/src/tusb.c.o
                0x10003ee8                tu_edpt_stream_init
 .text.tu_edpt_stream_deinit
                0x10003f54        0x4 CMakeFiles/dac_spi_test.dir/home/mohamed/.pico-sdk/sdk/2.2.0/lib/tinyusb/src/tusb.c.o
                0x10003f54                tu_edpt_stream_deinit
 .text.tu_edpt_stream_write_zlp_if_needed
                0x10003f58       0x68 CMakeFiles/dac_spi_test.dir/home/mohamed/.pico-sdk/sdk/2.2.0/lib/tinyusb/src/tusb.c.o
                0x10003f58                tu_edpt_stream_write_zlp_if_needed
 .text.tu_edpt_stream_write_xfer
                0x10003fc0       0x68 CMakeFiles/dac_spi_test.dir/home/mohamed/.pico-sdk/sdk/2.2.0/lib/tinyusb/src/tusb.c.o
                0x10003fc0                tu_edpt_stream_write_xfer
 .text.tu_edpt_stream_read_xfer
                0x10004028       0xd8 CMakeFiles/dac_spi_test.dir/home/mohamed/.pico-sdk/sdk/2.2.0/lib/tinyusb/src/tusb.c.o
                0x10004028                tu_edpt_stream_read_xfer
 .text.tu_fifo_config
                0x10004100       0x6c CMakeFiles/dac_spi_test.dir/home/mohamed/.pico-sdk/sdk/2.2.0/lib/tinyusb/src/common/tusb_fifo.c.o
                0x10004100                tu_fifo_config
 .text.tu_fifo_count
                0x1000416c       0x2c CMakeFiles/dac_spi_test.dir/home/mohamed/.pico-sdk/sdk/2.2.0/lib/tinyusb/src/common/tusb_fifo.c.o
                0x1000416c                tu_fifo_count
 .text.tu_fifo_empty
                0x10004198       0x10 CMakeFiles/dac_spi_test.dir/home/mohamed/.pico-sdk/sdk/2.2.0/lib/tinyusb/src/common/tusb_fifo.c.o
                0x10004198                tu_fifo_empty
 .text.tu_fifo_remaining
                0x100041a8       0x2c CMakeFiles/dac_spi_test.dir/home/mohamed/.pico-sdk/sdk/2.2.0/lib/tinyusb/src/common/tusb_fifo.c.o
                0x100041a8                tu_fifo_remaining
 .text.tu_fifo_read
                0x100041d4       0x9c CMakeFiles/dac_spi_test.dir/home/mohamed/.pico-sdk/sdk/2.2.0/lib/tinyusb/src/common/tusb_fifo.c.o
                0x100041d4                tu_fifo_read
 .text.tu_fifo_read_n
                0x10004270       0xe8 CMakeFiles/dac_spi_test.dir/home/mohamed/.pico-sdk/sdk/2.2.0/lib/tinyusb/src/common/tusb_fifo.c.o
                0x10004270                tu_fifo_read_n
 .text.tu_fifo_write
                0x10004358       0xa4 CMakeFiles/dac_spi_test.dir/home/mohamed/.pico-sdk/sdk/2.2.0/lib/tinyusb/src/common/tusb_fifo.c.o
                0x10004358                tu_fifo_write
 .text.tu_fifo_write_n
                0x100043fc      0x178 CMakeFiles/dac_spi_test.dir/home/mohamed/.pico-sdk/sdk/2.2.0/lib/tinyusb/src/common/tusb_fifo.c.o
                0x100043fc                tu_fifo_write_n
 .text.tu_fifo_clear
                0x10004574       0x40 CMakeFiles/dac_spi_test.dir/home/mohamed/.pico-sdk/sdk/2.2.0/lib/tinyusb/src/common/tusb_fifo.c.o
                0x10004574                tu_fifo_clear
 .text.tu_fifo_set_overwritable
                0x100045b4       0x48 CMakeFiles/dac_spi_test.dir/home/mohamed/.pico-sdk/sdk/2.2.0/lib/tinyusb/src/common/tusb_fifo.c.o
                0x100045b4                tu_fifo_set_overwritable
 .text.spi_init
                0x100045fc      0x13c CMakeFiles/dac_spi_test.dir/home/mohamed/.pico-sdk/sdk/2.2.0/src/rp2_common/hardware_spi/spi.c.o
                0x100045fc                spi_init
 .text.strlen   0x10004738       0x5c /home/mohamed/.pico-sdk/toolchain/14_2_Rel1/bin/../lib/gcc/arm-none-eabi/14.2.1/../../../../arm-none-eabi/lib/thumb/v6-m/nofp/libg.a(libc_a-strlen-stub.o)
                0x10004738                strlen
 *(.fini)
 .fini          0x10004794        0x4 /home/mohamed/.pico-sdk/toolchain/14_2_Rel1/bin/../lib/gcc/arm-none-eabi/14.2.1/thumb/v6-m/nofp/crti.o
                0x10004794                _fini
 .fini.__stub   0x10004798       0xc0 linker stubs
 *crtbegin.o(.ctors)
 *crtbegin?.o(.ctors)
 *(EXCLUDE_FILE(*crtend.o *crtend?.o) .ctors)
 *(SORT_BY_NAME(.ctors.*))
 *(.ctors)
 *crtbegin.o(.dtors)
 *crtbegin?.o(.dtors)
 *(EXCLUDE_FILE(*crtend.o *crtend?.o) .dtors)
 *(SORT_BY_NAME(.dtors.*))
 *(.dtors)
                0x10004858                        . = ALIGN (0x4)
                0x10004858                        PROVIDE (__preinit_array_start = .)
 *(SORT_BY_NAME(.preinit_array.*))
 .preinit_array.00100
                0x10004858        0x4 CMakeFiles/dac_spi_test.dir/home/mohamed/.pico-sdk/sdk/2.2.0/src/rp2_common/pico_runtime_init/runtime_init.c.o
                0x10004858                __pre_init_runtime_init_early_resets
 .preinit_array.00101
                0x1000485c        0x4 CMakeFiles/dac_spi_test.dir/home/mohamed/.pico-sdk/sdk/2.2.0/src/rp2_common/pico_runtime_init/runtime_init.c.o
                0x1000485c                __pre_init_runtime_init_usb_power_down
 .preinit_array.00275
                0x10004860        0x4 CMakeFiles/dac_spi_test.dir/home/mohamed/.pico-sdk/sdk/2.2.0/src/rp2_common/pico_bit_ops/bit_ops_aeabi.S.o
 .preinit_array.00300
                0x10004864        0x4 CMakeFiles/dac_spi_test.dir/home/mohamed/.pico-sdk/sdk/2.2.0/src/rp2_common/pico_mem_ops/mem_ops_aeabi.S.o
 .preinit_array.00350
                0x10004868        0x4 CMakeFiles/dac_spi_test.dir/home/mohamed/.pico-sdk/sdk/2.2.0/src/rp2_common/pico_double/double_aeabi_rp2040.S.o
 .preinit_array.00350
                0x1000486c        0x4 CMakeFiles/dac_spi_test.dir/home/mohamed/.pico-sdk/sdk/2.2.0/src/rp2_common/pico_float/float_aeabi_rp2040.S.o
 .preinit_array.00500
                0x10004870        0x4 CMakeFiles/dac_spi_test.dir/home/mohamed/.pico-sdk/sdk/2.2.0/src/rp2_common/pico_runtime_init/runtime_init.c.o
                0x10004870                __pre_init_runtime_init_clocks
 .preinit_array.00600
                0x10004874        0x4 CMakeFiles/dac_spi_test.dir/home/mohamed/.pico-sdk/sdk/2.2.0/src/rp2_common/pico_runtime_init/runtime_init.c.o
                0x10004874                __pre_init_runtime_init_post_clock_resets
 .preinit_array.00700
                0x10004878        0x4 CMakeFiles/dac_spi_test.dir/home/mohamed/.pico-sdk/sdk/2.2.0/src/rp2_common/pico_runtime_init/runtime_init.c.o
                0x10004878                __pre_init_runtime_init_rp2040_gpio_ie_disable
 .preinit_array.01000
                0x1000487c        0x4 CMakeFiles/dac_spi_test.dir/home/mohamed/.pico-sdk/sdk/2.2.0/src/rp2_common/pico_runtime_init/runtime_init.c.o
                0x1000487c                __pre_init_runtime_init_spin_locks_reset
 .preinit_array.01100
                0x10004880        0x4 CMakeFiles/dac_spi_test.dir/home/mohamed/.pico-sdk/sdk/2.2.0/src/common/pico_sync/mutex.c.o
                0x10004880                __pre_init_runtime_init_mutex
 .preinit_array.10080
                0x10004884        0x4 CMakeFiles/dac_spi_test.dir/home/mohamed/.pico-sdk/sdk/2.2.0/src/rp2_common/pico_runtime_init/runtime_init.c.o
                0x10004884                __pre_init_runtime_init_install_ram_vector_table
 .preinit_array.11000
                0x10004888        0x4 CMakeFiles/dac_spi_test.dir/home/mohamed/.pico-sdk/sdk/2.2.0/src/common/pico_time/time.c.o
                0x10004888                __pre_init_runtime_init_default_alarm_pool
 .preinit_array.YYYYY
                0x1000488c        0x4 CMakeFiles/dac_spi_test.dir/home/mohamed/.pico-sdk/sdk/2.2.0/src/rp2_common/pico_runtime/runtime.c.o
                0x1000488c                __pre_init_first_per_core_initializer
 .preinit_array.ZZZZZ.01200
                0x10004890        0x4 CMakeFiles/dac_spi_test.dir/home/mohamed/.pico-sdk/sdk/2.2.0/src/rp2_common/hardware_irq/irq.c.o
                0x10004890                __pre_init_runtime_init_per_core_irq_priorities
 *(.preinit_array)
                0x10004894                        PROVIDE (__preinit_array_end = .)
                0x10004894                        . = ALIGN (0x4)
                0x10004894                        PROVIDE (__init_array_start = .)
 *(SORT_BY_NAME(.init_array.*))
 .init_array.01000
                0x10004894        0x4 CMakeFiles/dac_spi_test.dir/home/mohamed/.pico-sdk/sdk/2.2.0/src/rp2_common/pico_unique_id/unique_id.c.o
 *(.init_array)
 .init_array    0x10004898        0x4 /home/mohamed/.pico-sdk/toolchain/14_2_Rel1/bin/../lib/gcc/arm-none-eabi/14.2.1/thumb/v6-m/nofp/crtbegin.o
                0x1000489c                        PROVIDE (__init_array_end = .)
                0x1000489c                        . = ALIGN (0x4)
                [!provide]                        PROVIDE (__fini_array_start = .)
 *(SORT_BY_NAME(.fini_array.*))
 *(.fini_array)
                [!provide]                        PROVIDE (__fini_array_end = .)
 *(.eh_frame*)
 .eh_frame      0x1000489c        0x0 /home/mohamed/.pico-sdk/toolchain/14_2_Rel1/bin/../lib/gcc/arm-none-eabi/14.2.1/thumb/v6-m/nofp/crtbegin.o
                0x1000489c                        . = ALIGN (0x4)

.glue_7         0x1000489c        0x0
 .glue_7        0x1000489c        0x0 linker stubs

.glue_7t        0x1000489c        0x0
 .glue_7t       0x1000489c        0x0 linker stubs

.vfp11_veneer   0x1000489c        0x0
 .vfp11_veneer  0x1000489c        0x0 linker stubs

.v4_bx          0x1000489c        0x0
 .v4_bx         0x1000489c        0x0 linker stubs

.iplt           0x1000489c        0x0
 .iplt          0x1000489c        0x0 /home/mohamed/.pico-sdk/toolchain/14_2_Rel1/bin/../lib/gcc/arm-none-eabi/14.2.1/thumb/v6-m/nofp/crtbegin.o

.rodata         0x1000489c      0x4e8
 *(EXCLUDE_FILE(*libm.a: *libc.a:*lib_a-mem*.o *libgcc.a:) .rodata*)
 .rodata.main.str1.4
                0x1000489c      0x230 CMakeFiles/dac_spi_test.dir/main.c.o
                                 0xcd (size before relaxing)
 .rodata.panic.str1.4
                0x10004acc       0x12 CMakeFiles/dac_spi_test.dir/home/mohamed/.pico-sdk/sdk/2.2.0/src/rp2_common/pico_platform_panic/panic.c.o
 .rodata.spin_lock_claim_unused.str1.4
                0x10004acc       0x1b CMakeFiles/dac_spi_test.dir/home/mohamed/.pico-sdk/sdk/2.2.0/src/rp2_common/hardware_sync/sync.c.o
 .rodata.user_irq_claim_unused.str1.4
                0x10004acc       0x1b CMakeFiles/dac_spi_test.dir/home/mohamed/.pico-sdk/sdk/2.2.0/src/rp2_common/hardware_irq/irq.c.o
 .rodata.timer_hardware_alarm_claim.str1.4
                0x10004acc       0x22 CMakeFiles/dac_spi_test.dir/home/mohamed/.pico-sdk/sdk/2.2.0/src/rp2_common/hardware_timer/timer.c.o
 .rodata.hard_assertion_failure.str1.4
                0x10004acc        0xc CMakeFiles/dac_spi_test.dir/home/mohamed/.pico-sdk/sdk/2.2.0/src/rp2_common/pico_runtime/runtime.c.o
 .rodata.str1.4
                0x10004acc       0x44 CMakeFiles/dac_spi_test.dir/home/mohamed/.pico-sdk/sdk/2.2.0/src/rp2_common/pico_standard_binary_info/standard_binary_info.c.o
 .rodata.__bi_84
                0x10004acc        0xc CMakeFiles/dac_spi_test.dir/home/mohamed/.pico-sdk/sdk/2.2.0/src/rp2_common/pico_standard_binary_info/standard_binary_info.c.o
 .rodata.__bi_78
                0x10004ad8        0xc CMakeFiles/dac_spi_test.dir/home/mohamed/.pico-sdk/sdk/2.2.0/src/rp2_common/pico_standard_binary_info/standard_binary_info.c.o
 .rodata.__bi_54
                0x10004ae4        0xc CMakeFiles/dac_spi_test.dir/home/mohamed/.pico-sdk/sdk/2.2.0/src/rp2_common/pico_standard_binary_info/standard_binary_info.c.o
 .rodata.__bi_48
                0x10004af0        0xc CMakeFiles/dac_spi_test.dir/home/mohamed/.pico-sdk/sdk/2.2.0/src/rp2_common/pico_standard_binary_info/standard_binary_info.c.o
 .rodata.__bi_42
                0x10004afc        0xc CMakeFiles/dac_spi_test.dir/home/mohamed/.pico-sdk/sdk/2.2.0/src/rp2_common/pico_standard_binary_info/standard_binary_info.c.o
 .rodata.__bi_34
                0x10004b08        0xc CMakeFiles/dac_spi_test.dir/home/mohamed/.pico-sdk/sdk/2.2.0/src/rp2_common/pico_standard_binary_info/standard_binary_info.c.o
 .rodata.__bi_26
                0x10004b14        0xc CMakeFiles/dac_spi_test.dir/home/mohamed/.pico-sdk/sdk/2.2.0/src/rp2_common/pico_standard_binary_info/standard_binary_info.c.o
 .rodata.crlf_str.0
                0x10004b20        0x2 CMakeFiles/dac_spi_test.dir/home/mohamed/.pico-sdk/sdk/2.2.0/src/rp2_common/pico_stdio/stdio.c.o
 *fill*         0x10004b22        0x2 
 .rodata._resetd_driver
                0x10004b24       0x20 CMakeFiles/dac_spi_test.dir/home/mohamed/.pico-sdk/sdk/2.2.0/src/rp2_common/pico_stdio_usb/reset_interface.c.o
 .rodata.desc_ms_os_20
                0x10004b44       0xa6 CMakeFiles/dac_spi_test.dir/home/mohamed/.pico-sdk/sdk/2.2.0/src/rp2_common/pico_stdio_usb/reset_interface.c.o
 *fill*         0x10004bea        0x2 
 .rodata.desc_bos
                0x10004bec       0x21 CMakeFiles/dac_spi_test.dir/home/mohamed/.pico-sdk/sdk/2.2.0/src/rp2_common/pico_stdio_usb/reset_interface.c.o
                0x10004bec                desc_bos
 .rodata.str1.4
                0x10004c0d       0x13 CMakeFiles/dac_spi_test.dir/home/mohamed/.pico-sdk/sdk/2.2.0/src/rp2_common/pico_stdio_usb/stdio_usb.c.o
 *fill*         0x10004c0d        0x3 
 .rodata.__bi_202.0
                0x10004c10        0xc CMakeFiles/dac_spi_test.dir/home/mohamed/.pico-sdk/sdk/2.2.0/src/rp2_common/pico_stdio_usb/stdio_usb.c.o
 .rodata.str1.4
                0x10004c1c       0x2a CMakeFiles/dac_spi_test.dir/home/mohamed/.pico-sdk/sdk/2.2.0/src/rp2_common/pico_stdio_usb/stdio_usb_descriptors.c.o
 .rodata.usbd_desc_str
                0x10004c1c       0x18 CMakeFiles/dac_spi_test.dir/home/mohamed/.pico-sdk/sdk/2.2.0/src/rp2_common/pico_stdio_usb/stdio_usb_descriptors.c.o
 .rodata.usbd_desc_cfg
                0x10004c34       0x54 CMakeFiles/dac_spi_test.dir/home/mohamed/.pico-sdk/sdk/2.2.0/src/rp2_common/pico_stdio_usb/stdio_usb_descriptors.c.o
 .rodata.usbd_desc_device
                0x10004c88       0x12 CMakeFiles/dac_spi_test.dir/home/mohamed/.pico-sdk/sdk/2.2.0/src/rp2_common/pico_stdio_usb/stdio_usb_descriptors.c.o
 .rodata.str1.4
                0x10004c9a       0x14 CMakeFiles/dac_spi_test.dir/home/mohamed/.pico-sdk/sdk/2.2.0/lib/tinyusb/src/portable/raspberrypi/rp2040/dcd_rp2040.c.o
 .rodata.str1.4
                0x10004c9a       0x48 CMakeFiles/dac_spi_test.dir/home/mohamed/.pico-sdk/sdk/2.2.0/lib/tinyusb/src/portable/raspberrypi/rp2040/rp2040_usb.c.o
 *fill*         0x10004c9a        0x2 
 .rodata.tud_task_ext
                0x10004c9c       0x8c CMakeFiles/dac_spi_test.dir/home/mohamed/.pico-sdk/sdk/2.2.0/lib/tinyusb/src/device/usbd.c.o
 .rodata        0x10004d28       0x1c CMakeFiles/dac_spi_test.dir/home/mohamed/.pico-sdk/sdk/2.2.0/lib/tinyusb/src/device/usbd.c.o
 .rodata._usbd_driver
                0x10004d44       0x40 CMakeFiles/dac_spi_test.dir/home/mohamed/.pico-sdk/sdk/2.2.0/lib/tinyusb/src/device/usbd.c.o
                0x10004d84                        . = ALIGN (0x4)
 *(SORT_BY_ALIGNMENT(SORT_BY_NAME(.flashdata*)))
                0x10004d84                        . = ALIGN (0x4)

.ARM.extab
 *(.ARM.extab* .gnu.linkonce.armextab.*)
                0x10004d84                        __exidx_start = .

.ARM.exidx
 *(.ARM.exidx* .gnu.linkonce.armexidx.*)
                0x10004d84                        __exidx_end = .
                0x10004d84                        . = ALIGN (0x4)
                0x10004d84                        __binary_info_start = .

.binary_info    0x10004d84       0x20
 *(.binary_info.keep.*)
 .binary_info.keep.__bi_ptr84
                0x10004d84        0x4 CMakeFiles/dac_spi_test.dir/home/mohamed/.pico-sdk/sdk/2.2.0/src/rp2_common/pico_standard_binary_info/standard_binary_info.c.o
 .binary_info.keep.__bi_ptr78
                0x10004d88        0x4 CMakeFiles/dac_spi_test.dir/home/mohamed/.pico-sdk/sdk/2.2.0/src/rp2_common/pico_standard_binary_info/standard_binary_info.c.o
 .binary_info.keep.__bi_ptr54
                0x10004d8c        0x4 CMakeFiles/dac_spi_test.dir/home/mohamed/.pico-sdk/sdk/2.2.0/src/rp2_common/pico_standard_binary_info/standard_binary_info.c.o
 .binary_info.keep.__bi_ptr48
                0x10004d90        0x4 CMakeFiles/dac_spi_test.dir/home/mohamed/.pico-sdk/sdk/2.2.0/src/rp2_common/pico_standard_binary_info/standard_binary_info.c.o
 .binary_info.keep.__bi_ptr42
                0x10004d94        0x4 CMakeFiles/dac_spi_test.dir/home/mohamed/.pico-sdk/sdk/2.2.0/src/rp2_common/pico_standard_binary_info/standard_binary_info.c.o
 .binary_info.keep.__bi_ptr34
                0x10004d98        0x4 CMakeFiles/dac_spi_test.dir/home/mohamed/.pico-sdk/sdk/2.2.0/src/rp2_common/pico_standard_binary_info/standard_binary_info.c.o
 .binary_info.keep.__bi_ptr26
                0x10004d9c        0x4 CMakeFiles/dac_spi_test.dir/home/mohamed/.pico-sdk/sdk/2.2.0/src/rp2_common/pico_standard_binary_info/standard_binary_info.c.o
 *(.binary_info.*)
 .binary_info.__bi_ptr202
                0x10004da0        0x4 CMakeFiles/dac_spi_test.dir/home/mohamed/.pico-sdk/sdk/2.2.0/src/rp2_common/pico_stdio_usb/stdio_usb.c.o
                0x10004da4                        __binary_info_end = .
                0x10004da4                        . = ALIGN (0x4)

.ram_vector_table
                0x20000000       0xc0
 *(.ram_vector_table)
 .ram_vector_table
                0x20000000       0xc0 CMakeFiles/dac_spi_test.dir/home/mohamed/.pico-sdk/sdk/2.2.0/src/rp2_common/pico_runtime_init/runtime_init.c.o
                0x20000000                ram_vector_table

.uninitialized_data
                0x200000c0        0x0
                0x200000c0                        . = ALIGN (0x4)
 *(.uninitialized_data*)

.data           0x200000c0     0x1040 load address 0x10004da4
                0x200000c0                        __data_start__ = .
 *(vtable)
 *(.time_critical*)
 .time_critical.mutex_try_enter
                0x200000c0       0x40 CMakeFiles/dac_spi_test.dir/home/mohamed/.pico-sdk/sdk/2.2.0/src/common/pico_sync/mutex.c.o
                0x200000c0                mutex_try_enter
 .time_critical.mutex_try_enter_block_until
                0x20000100       0x98 CMakeFiles/dac_spi_test.dir/home/mohamed/.pico-sdk/sdk/2.2.0/src/common/pico_sync/mutex.c.o
                0x20000100                mutex_try_enter_block_until
 .time_critical.mutex_enter_timeout_ms
                0x20000198       0x8c CMakeFiles/dac_spi_test.dir/home/mohamed/.pico-sdk/sdk/2.2.0/src/common/pico_sync/mutex.c.o
                0x20000198                mutex_enter_timeout_ms
 .time_critical.mutex_exit
                0x20000224       0x28 CMakeFiles/dac_spi_test.dir/home/mohamed/.pico-sdk/sdk/2.2.0/src/common/pico_sync/mutex.c.o
                0x20000224                mutex_exit
 .time_critical.flash_init_boot2_copyout
                0x2000024c       0x30 CMakeFiles/dac_spi_test.dir/home/mohamed/.pico-sdk/sdk/2.2.0/src/rp2_common/hardware_flash/flash.c.o
 .time_critical.flash_enable_xip_via_boot2
                0x2000027c        0xc CMakeFiles/dac_spi_test.dir/home/mohamed/.pico-sdk/sdk/2.2.0/src/rp2_common/hardware_flash/flash.c.o
 .time_critical.flash_save_hardware_state
                0x20000288       0x20 CMakeFiles/dac_spi_test.dir/home/mohamed/.pico-sdk/sdk/2.2.0/src/rp2_common/hardware_flash/flash.c.o
 .time_critical.flash_restore_hardware_state
                0x200002a8       0x20 CMakeFiles/dac_spi_test.dir/home/mohamed/.pico-sdk/sdk/2.2.0/src/rp2_common/hardware_flash/flash.c.o
 .time_critical.flash_cs_force
                0x200002c8       0x38 CMakeFiles/dac_spi_test.dir/home/mohamed/.pico-sdk/sdk/2.2.0/src/rp2_common/hardware_flash/flash.c.o
 .time_critical.flash_do_cmd
                0x20000300      0x13c CMakeFiles/dac_spi_test.dir/home/mohamed/.pico-sdk/sdk/2.2.0/src/rp2_common/hardware_flash/flash.c.o
                0x20000300                flash_do_cmd
 .time_critical.reset_non_control_endpoints
                0x2000043c       0x68 CMakeFiles/dac_spi_test.dir/home/mohamed/.pico-sdk/sdk/2.2.0/lib/tinyusb/src/portable/raspberrypi/rp2040/dcd_rp2040.c.o
 .time_critical.hw_handle_buff_status
                0x200004a4       0xa0 CMakeFiles/dac_spi_test.dir/home/mohamed/.pico-sdk/sdk/2.2.0/lib/tinyusb/src/portable/raspberrypi/rp2040/dcd_rp2040.c.o
 .time_critical.dcd_rp2040_irq
                0x20000544      0x548 CMakeFiles/dac_spi_test.dir/home/mohamed/.pico-sdk/sdk/2.2.0/lib/tinyusb/src/portable/raspberrypi/rp2040/dcd_rp2040.c.o
 .time_critical.prepare_ep_buffer
                0x20000a8c       0xc8 CMakeFiles/dac_spi_test.dir/home/mohamed/.pico-sdk/sdk/2.2.0/lib/tinyusb/src/portable/raspberrypi/rp2040/rp2040_usb.c.o
 .time_critical.sync_ep_buffer
                0x20000b54       0x9c CMakeFiles/dac_spi_test.dir/home/mohamed/.pico-sdk/sdk/2.2.0/lib/tinyusb/src/portable/raspberrypi/rp2040/rp2040_usb.c.o
 .time_critical._hw_endpoint_xfer_sync
                0x20000bf0       0x28 CMakeFiles/dac_spi_test.dir/home/mohamed/.pico-sdk/sdk/2.2.0/lib/tinyusb/src/portable/raspberrypi/rp2040/rp2040_usb.c.o
 .time_critical.e15_is_bulkin_ep
                0x20000c18       0x28 CMakeFiles/dac_spi_test.dir/home/mohamed/.pico-sdk/sdk/2.2.0/lib/tinyusb/src/portable/raspberrypi/rp2040/rp2040_usb.c.o
 .time_critical.e15_is_critical_frame_period
                0x20000c40       0x34 CMakeFiles/dac_spi_test.dir/home/mohamed/.pico-sdk/sdk/2.2.0/lib/tinyusb/src/portable/raspberrypi/rp2040/rp2040_usb.c.o
 .time_critical.hw_endpoint_reset_transfer
                0x20000c74        0xc CMakeFiles/dac_spi_test.dir/home/mohamed/.pico-sdk/sdk/2.2.0/lib/tinyusb/src/portable/raspberrypi/rp2040/rp2040_usb.c.o
                0x20000c74                hw_endpoint_reset_transfer
 .time_critical._hw_endpoint_buffer_control_update32
                0x20000c80       0x50 CMakeFiles/dac_spi_test.dir/home/mohamed/.pico-sdk/sdk/2.2.0/lib/tinyusb/src/portable/raspberrypi/rp2040/rp2040_usb.c.o
                0x20000c80                _hw_endpoint_buffer_control_update32
 .time_critical.hw_endpoint_start_next_buffer
                0x20000cd0       0x68 CMakeFiles/dac_spi_test.dir/home/mohamed/.pico-sdk/sdk/2.2.0/lib/tinyusb/src/portable/raspberrypi/rp2040/rp2040_usb.c.o
                0x20000cd0                hw_endpoint_start_next_buffer
 .time_critical.hw_endpoint_xfer_continue
                0x20000d38       0x40 CMakeFiles/dac_spi_test.dir/home/mohamed/.pico-sdk/sdk/2.2.0/lib/tinyusb/src/portable/raspberrypi/rp2040/rp2040_usb.c.o
                0x20000d38                hw_endpoint_xfer_continue
 .time_critical.tinyusb
                0x20000d78      0x1e4 CMakeFiles/dac_spi_test.dir/home/mohamed/.pico-sdk/sdk/2.2.0/lib/tinyusb/src/device/usbd.c.o
                0x20000d78                dcd_event_handler
 .time_critical.spi_write16_blocking
                0x20000f5c       0x50 CMakeFiles/dac_spi_test.dir/home/mohamed/.pico-sdk/sdk/2.2.0/src/rp2_common/hardware_spi/spi.c.o
                0x20000f5c                spi_write16_blocking
 *(.text*)
 .text          0x20000fac        0x4 /home/mohamed/.pico-sdk/toolchain/14_2_Rel1/bin/../lib/gcc/arm-none-eabi/14.2.1/thumb/v6-m/nofp/libgcc.a(_dvmd_tls.o)
                0x20000fac                __aeabi_ldiv0
                0x20000fac                __aeabi_idiv0
 .text.__stub   0x20000fb0       0x80 linker stubs
                0x20001030                        . = ALIGN (0x4)
 *(.rodata*)
                0x20001030                        . = ALIGN (0x4)
 *(.data*)
 .data.striped_spin_lock_num
                0x20001030        0x1 CMakeFiles/dac_spi_test.dir/home/mohamed/.pico-sdk/sdk/2.2.0/src/rp2_common/hardware_sync/sync.c.o
 *fill*         0x20001031        0x3 
 .data          0x20001034       0x48 CMakeFiles/dac_spi_test.dir/home/mohamed/.pico-sdk/sdk/2.2.0/src/rp2_common/hardware_irq/irq_handler_chain.S.o
                0x20001034                irq_handler_chain_slots
                0x20001064                irq_handler_chain_first_slot
                0x2000106e                irq_handler_chain_remove_tail
 .data.default_alarm_pool
                0x2000107c       0x18 CMakeFiles/dac_spi_test.dir/home/mohamed/.pico-sdk/sdk/2.2.0/src/common/pico_time/time.c.o
 *fill*         0x20001094        0xc 
 .data.aeabi_bits_funcs
                0x200010a0       0x10 CMakeFiles/dac_spi_test.dir/home/mohamed/.pico-sdk/sdk/2.2.0/src/rp2_common/pico_bit_ops/bit_ops_aeabi.S.o
                0x200010a0                aeabi_bits_funcs
                0x200010b0                aeabi_bits_funcs_end
 .data.aeabi_mem_funcs
                0x200010b0       0x10 CMakeFiles/dac_spi_test.dir/home/mohamed/.pico-sdk/sdk/2.2.0/src/rp2_common/pico_mem_ops/mem_ops_aeabi.S.o
                0x200010b0                aeabi_mem_funcs
                0x200010c0                aeabi_mem_funcs_end
 .data.stdio_usb
                0x200010c0       0x18 CMakeFiles/dac_spi_test.dir/home/mohamed/.pico-sdk/sdk/2.2.0/src/rp2_common/pico_stdio_usb/stdio_usb.c.o
                0x200010c0                stdio_usb
 .data._usbd_qdef
                0x200010d8       0x1c CMakeFiles/dac_spi_test.dir/home/mohamed/.pico-sdk/sdk/2.2.0/lib/tinyusb/src/device/usbd.c.o
                0x200010d8                _usbd_qdef
 .data._usbd_rhport
                0x200010f4        0x1 CMakeFiles/dac_spi_test.dir/home/mohamed/.pico-sdk/sdk/2.2.0/lib/tinyusb/src/device/usbd.c.o
                0x200010f8                        . = ALIGN (0x4)
 *fill*         0x200010f5        0x3 
 *(.after_data.*)
                0x200010f8                        . = ALIGN (0x4)
                0x200010f8                        PROVIDE (__mutex_array_start = .)
 *(SORT_BY_NAME(.mutex_array.*))
 *(.mutex_array)
 .mutex_array   0x200010f8        0x8 CMakeFiles/dac_spi_test.dir/home/mohamed/.pico-sdk/sdk/2.2.0/src/rp2_common/pico_stdio/stdio.c.o
                0x20001100                        PROVIDE (__mutex_array_end = .)
                0x20001100                        . = ALIGN (0x4)
 *(.jcr)
                0x20001100                        . = ALIGN (0x4)

.tm_clone_table
                0x20001100        0x0 load address 0x10005de4
 .tm_clone_table
                0x20001100        0x0 /home/mohamed/.pico-sdk/toolchain/14_2_Rel1/bin/../lib/gcc/arm-none-eabi/14.2.1/thumb/v6-m/nofp/crtbegin.o
 .tm_clone_table
                0x20001100        0x0 /home/mohamed/.pico-sdk/toolchain/14_2_Rel1/bin/../lib/gcc/arm-none-eabi/14.2.1/thumb/v6-m/nofp/crtend.o

.igot.plt       0x20001100        0x0 load address 0x10005de4
 .igot.plt      0x20001100        0x0 /home/mohamed/.pico-sdk/toolchain/14_2_Rel1/bin/../lib/gcc/arm-none-eabi/14.2.1/thumb/v6-m/nofp/crtbegin.o

.tdata          0x20001100        0x0 load address 0x10005de4
                0x20001100                        . = ALIGN (0x4)
 *(.tdata .tdata.* .gnu.linkonce.td.*)
                0x20001100                        __tdata_end = .
                0x20001100                        PROVIDE (__data_end__ = .)
                0x10004da4                        __etext = LOADADDR (.data)

.tbss           0x20001100        0x0 load address 0x10005de4
                0x20001100                        . = ALIGN (0x4)
                0x20001100                        __bss_start__ = .
                0x20001100                        __tls_base = .
 *(.tbss .tbss.* .gnu.linkonce.tb.*)
 *(.tcommon)
                0x20001100                        __tls_end = .

.bss            0x20001100      0xefc load address 0x10005de4
                0x20001100                        . = ALIGN (0x4)
                0x20001100                        __tbss_end = .
 *(SORT_BY_ALIGNMENT(SORT_BY_NAME(.bss*)))
 .bss.default_alarm_pool_entries
                0x20001100      0x180 CMakeFiles/dac_spi_test.dir/home/mohamed/.pico-sdk/sdk/2.2.0/src/common/pico_time/time.c.o
 .bss.last_avail_time.1
                0x20001280        0x8 CMakeFiles/dac_spi_test.dir/home/mohamed/.pico-sdk/sdk/2.2.0/src/rp2_common/pico_stdio_usb/stdio_usb.c.o
 .bss.sd_table  0x20001288      0x100 CMakeFiles/dac_spi_test.dir/home/mohamed/.pico-sdk/sdk/2.2.0/src/rp2_common/pico_double/double_init_rom_rp2040.c.o
                0x20001288                sd_table
 .bss.sf_table  0x20001388      0x100 CMakeFiles/dac_spi_test.dir/home/mohamed/.pico-sdk/sdk/2.2.0/src/rp2_common/pico_float/float_init_rom_rp2040.c.o
                0x20001388                sf_table
 .bss._app_driver
                0x20001488        0x4 CMakeFiles/dac_spi_test.dir/home/mohamed/.pico-sdk/sdk/2.2.0/lib/tinyusb/src/device/usbd.c.o
 .bss._cdcd_epbuf
                0x2000148c       0x80 CMakeFiles/dac_spi_test.dir/home/mohamed/.pico-sdk/sdk/2.2.0/lib/tinyusb/src/class/cdc/cdc_device.c.o
 .bss._cdcd_fifo_cfg
                0x2000150c        0x1 CMakeFiles/dac_spi_test.dir/home/mohamed/.pico-sdk/sdk/2.2.0/lib/tinyusb/src/class/cdc/cdc_device.c.o
 *fill*         0x2000150d        0x3 
 .bss._cdcd_itf
                0x20001510       0xc8 CMakeFiles/dac_spi_test.dir/home/mohamed/.pico-sdk/sdk/2.2.0/lib/tinyusb/src/class/cdc/cdc_device.c.o
 .bss._ctrl_epbuf
                0x200015d8       0x40 CMakeFiles/dac_spi_test.dir/home/mohamed/.pico-sdk/sdk/2.2.0/lib/tinyusb/src/device/usbd_control.c.o
 .bss._ctrl_xfer
                0x20001618       0x14 CMakeFiles/dac_spi_test.dir/home/mohamed/.pico-sdk/sdk/2.2.0/lib/tinyusb/src/device/usbd_control.c.o
 .bss._tusb_rhport_role
                0x2000162c        0x2 CMakeFiles/dac_spi_test.dir/home/mohamed/.pico-sdk/sdk/2.2.0/lib/tinyusb/src/tusb.c.o
                0x2000162c                _tusb_rhport_role
 *fill*         0x2000162e        0x2 
 .bss._ubsd_mutexdef
                0x20001630        0x8 CMakeFiles/dac_spi_test.dir/home/mohamed/.pico-sdk/sdk/2.2.0/lib/tinyusb/src/device/usbd.c.o
 .bss._usbd_dev
                0x20001638       0x54 CMakeFiles/dac_spi_test.dir/home/mohamed/.pico-sdk/sdk/2.2.0/lib/tinyusb/src/device/usbd.c.o
 .bss._usbd_mutex
                0x2000168c        0x4 CMakeFiles/dac_spi_test.dir/home/mohamed/.pico-sdk/sdk/2.2.0/lib/tinyusb/src/device/usbd.c.o
 .bss._usbd_q   0x20001690        0x4 CMakeFiles/dac_spi_test.dir/home/mohamed/.pico-sdk/sdk/2.2.0/lib/tinyusb/src/device/usbd.c.o
 .bss._usbd_qdef_buf
                0x20001694       0xc0 CMakeFiles/dac_spi_test.dir/home/mohamed/.pico-sdk/sdk/2.2.0/lib/tinyusb/src/device/usbd.c.o
                0x20001694                _usbd_qdef_buf
 .bss._vendord_epbuf
                0x20001754       0x80 CMakeFiles/dac_spi_test.dir/home/mohamed/.pico-sdk/sdk/2.2.0/lib/tinyusb/src/class/vendor/vendor_device.c.o
 .bss._vendord_itf
                0x200017d4      0x24c CMakeFiles/dac_spi_test.dir/home/mohamed/.pico-sdk/sdk/2.2.0/lib/tinyusb/src/class/vendor/vendor_device.c.o
 .bss.boot2_copyout
                0x20001a20      0x100 CMakeFiles/dac_spi_test.dir/home/mohamed/.pico-sdk/sdk/2.2.0/src/rp2_common/hardware_flash/flash.c.o
 .bss.chars_available_callback
                0x20001b20        0x4 CMakeFiles/dac_spi_test.dir/home/mohamed/.pico-sdk/sdk/2.2.0/src/rp2_common/pico_stdio_usb/stdio_usb.c.o
 .bss.chars_available_param
                0x20001b24        0x4 CMakeFiles/dac_spi_test.dir/home/mohamed/.pico-sdk/sdk/2.2.0/src/rp2_common/pico_stdio_usb/stdio_usb.c.o
 .bss.claimed   0x20001b28        0x4 CMakeFiles/dac_spi_test.dir/home/mohamed/.pico-sdk/sdk/2.2.0/src/rp2_common/hardware_sync/sync.c.o
 .bss.claimed   0x20001b2c        0x1 CMakeFiles/dac_spi_test.dir/home/mohamed/.pico-sdk/sdk/2.2.0/src/rp2_common/hardware_timer/timer.c.o
 *fill*         0x20001b2d        0x3 
 .bss.configured_freq
                0x20001b30       0x28 CMakeFiles/dac_spi_test.dir/home/mohamed/.pico-sdk/sdk/2.2.0/src/rp2_common/hardware_clocks/clocks.c.o
 .bss.desc_str.0
                0x20001b58       0x28 CMakeFiles/dac_spi_test.dir/home/mohamed/.pico-sdk/sdk/2.2.0/src/rp2_common/pico_stdio_usb/stdio_usb_descriptors.c.o
 .bss.drivers   0x20001b80        0x4 CMakeFiles/dac_spi_test.dir/home/mohamed/.pico-sdk/sdk/2.2.0/src/rp2_common/pico_stdio/stdio.c.o
 .bss.e15_last_sof
                0x20001b84        0x4 CMakeFiles/dac_spi_test.dir/home/mohamed/.pico-sdk/sdk/2.2.0/lib/tinyusb/src/portable/raspberrypi/rp2040/rp2040_usb.c.o
                0x20001b84                e15_last_sof
 .bss.filter    0x20001b88        0x4 CMakeFiles/dac_spi_test.dir/home/mohamed/.pico-sdk/sdk/2.2.0/src/rp2_common/pico_stdio/stdio.c.o
 .bss.hw_endpoints
                0x20001b8c      0x400 CMakeFiles/dac_spi_test.dir/home/mohamed/.pico-sdk/sdk/2.2.0/lib/tinyusb/src/portable/raspberrypi/rp2040/dcd_rp2040.c.o
 .bss.lazy_vsnprintf
                0x20001f8c        0x4 CMakeFiles/dac_spi_test.dir/home/mohamed/.pico-sdk/sdk/2.2.0/src/rp2_common/pico_printf/printf.c.o
 .bss.load_value
                0x20001f90        0x4 CMakeFiles/dac_spi_test.dir/home/mohamed/.pico-sdk/sdk/2.2.0/src/rp2_common/hardware_watchdog/watchdog.c.o
 .bss.next_buffer_ptr
                0x20001f94        0x4 CMakeFiles/dac_spi_test.dir/home/mohamed/.pico-sdk/sdk/2.2.0/lib/tinyusb/src/portable/raspberrypi/rp2040/dcd_rp2040.c.o
 .bss.object.0  0x20001f98       0x18 /home/mohamed/.pico-sdk/toolchain/14_2_Rel1/bin/../lib/gcc/arm-none-eabi/14.2.1/thumb/v6-m/nofp/crtbegin.o
 .bss.one_shot_timer_crit_sec
                0x20001fb0        0x8 CMakeFiles/dac_spi_test.dir/home/mohamed/.pico-sdk/sdk/2.2.0/src/rp2_common/pico_stdio_usb/stdio_usb.c.o
 .bss.pools     0x20001fb8       0x10 CMakeFiles/dac_spi_test.dir/home/mohamed/.pico-sdk/sdk/2.2.0/src/common/pico_time/time.c.o
 .bss.retrieved_id
                0x20001fc8        0x8 CMakeFiles/dac_spi_test.dir/home/mohamed/.pico-sdk/sdk/2.2.0/src/rp2_common/pico_unique_id/unique_id.c.o
 .bss.sf_clz_func
                0x20001fd0        0x4 CMakeFiles/dac_spi_test.dir/home/mohamed/.pico-sdk/sdk/2.2.0/src/rp2_common/pico_double/double_init_rom_rp2040.c.o
                0x20001fd0                sf_clz_func
 .bss.sleep_notifier
                0x20001fd4        0x4 CMakeFiles/dac_spi_test.dir/home/mohamed/.pico-sdk/sdk/2.2.0/src/common/pico_time/time.c.o
 .bss.stdio_usb_mutex
                0x20001fd8        0x8 CMakeFiles/dac_spi_test.dir/home/mohamed/.pico-sdk/sdk/2.2.0/src/rp2_common/pico_stdio_usb/stdio_usb.c.o
 .bss.usbd_serial_str
                0x20001fe0       0x11 CMakeFiles/dac_spi_test.dir/home/mohamed/.pico-sdk/sdk/2.2.0/src/rp2_common/pico_stdio_usb/stdio_usb_descriptors.c.o
 .bss._app_driver_count
                0x20001ff1        0x1 CMakeFiles/dac_spi_test.dir/home/mohamed/.pico-sdk/sdk/2.2.0/lib/tinyusb/src/device/usbd.c.o
 .bss._sof_enable
                0x20001ff2        0x1 CMakeFiles/dac_spi_test.dir/home/mohamed/.pico-sdk/sdk/2.2.0/lib/tinyusb/src/portable/raspberrypi/rp2040/dcd_rp2040.c.o
 .bss._usbd_queued_setup
                0x20001ff3        0x1 CMakeFiles/dac_spi_test.dir/home/mohamed/.pico-sdk/sdk/2.2.0/lib/tinyusb/src/device/usbd.c.o
 .bss.boot2_copyout_valid
                0x20001ff4        0x1 CMakeFiles/dac_spi_test.dir/home/mohamed/.pico-sdk/sdk/2.2.0/src/rp2_common/hardware_flash/flash.c.o
 .bss.irq_handler_chain_free_slot_head
                0x20001ff5        0x1 CMakeFiles/dac_spi_test.dir/home/mohamed/.pico-sdk/sdk/2.2.0/src/rp2_common/hardware_irq/irq.c.o
 .bss.itf_num   0x20001ff6        0x1 CMakeFiles/dac_spi_test.dir/home/mohamed/.pico-sdk/sdk/2.2.0/src/rp2_common/pico_stdio_usb/reset_interface.c.o
 .bss.low_priority_irq_num
                0x20001ff7        0x1 CMakeFiles/dac_spi_test.dir/home/mohamed/.pico-sdk/sdk/2.2.0/src/rp2_common/pico_stdio_usb/stdio_usb.c.o
 .bss.one_shot_timer_pending
                0x20001ff8        0x1 CMakeFiles/dac_spi_test.dir/home/mohamed/.pico-sdk/sdk/2.2.0/src/rp2_common/pico_stdio_usb/stdio_usb.c.o
 .bss.user_irq_claimed
                0x20001ff9        0x1 CMakeFiles/dac_spi_test.dir/home/mohamed/.pico-sdk/sdk/2.2.0/src/rp2_common/hardware_irq/irq.c.o
 *(COMMON)
                0x20001ffc                        . = ALIGN (0x4)
 *fill*         0x20001ffa        0x2 
                0x20001ffc                        __bss_end__ = .

.heap           0x20001ffc      0x800 load address 0x10005de4
                0x20001ffc                        __end__ = .
                0x20001ffc                        end = __end__
 *(.heap*)
 .heap          0x20001ffc      0x800 CMakeFiles/dac_spi_test.dir/home/mohamed/.pico-sdk/sdk/2.2.0/src/rp2_common/pico_crt0/crt0.S.o
                0x20040000                        __HeapLimit = (ORIGIN (RAM) + LENGTH (RAM))

.scratch_x      0x20040000        0x0 load address 0x10005de4
                0x20040000                        __scratch_x_start__ = .
 *(.scratch_x.*)
                0x20040000                        . = ALIGN (0x4)
                0x20040000                        __scratch_x_end__ = .
                0x10005de4                        __scratch_x_source__ = LOADADDR (.scratch_x)

.scratch_y      0x20041000        0x0 load address 0x10005de4
                0x20041000                        __scratch_y_start__ = .
 *(.scratch_y.*)
                0x20041000                        . = ALIGN (0x4)
                0x20041000                        __scratch_y_end__ = .
                0x10005de4                        __scratch_y_source__ = LOADADDR (.scratch_y)

.stack1_dummy
 *(.stack1*)

.stack_dummy    0x20041000      0x800
 *(.stack*)
 .stack         0x20041000      0x800 CMakeFiles/dac_spi_test.dir/home/mohamed/.pico-sdk/sdk/2.2.0/src/rp2_common/pico_crt0/crt0.S.o

.rel.dyn        0x20041800        0x0
 .rel.iplt      0x20041800        0x0 /home/mohamed/.pico-sdk/toolchain/14_2_Rel1/bin/../lib/gcc/arm-none-eabi/14.2.1/thumb/v6-m/nofp/crtbegin.o

.flash_end      0x10005de4        0x0
 *(.embedded_end_block*)
                0x10005de4                        PROVIDE (__flash_binary_end = .)
                0x20040000                        __StackLimit = (ORIGIN (RAM) + LENGTH (RAM))
                0x20041000                        __StackOneTop = (ORIGIN (SCRATCH_X) + LENGTH (SCRATCH_X))
                0x20042000                        __StackTop = (ORIGIN (SCRATCH_Y) + LENGTH (SCRATCH_Y))
                0x20041000                        __StackOneBottom = (__StackOneTop - SIZEOF (.stack1_dummy))
                0x20041800                        __StackBottom = (__StackTop - SIZEOF (.stack_dummy))
                0x20042000                        PROVIDE (__stack = __StackTop)
                [!provide]                        PROVIDE (__heap_start = __end__)
                [!provide]                        PROVIDE (__heap_end = __HeapLimit)
                [!provide]                        PROVIDE (__tls_align = MAX (ALIGNOF (.tdata), ALIGNOF (.tbss)))
                [!provide]                        PROVIDE (__tls_size_align = (((__tls_size + __tls_align) - 0x1) & ~ ((__tls_align - 0x1))))
                [!provide]                        PROVIDE (__arm32_tls_tcb_offset = MAX (0x8, __tls_align))
                [!provide]                        PROVIDE (_end = __end__)
                [!provide]                        PROVIDE (__llvm_libc_heap_limit = __HeapLimit)
                0x00000001                        ASSERT ((__StackLimit >= __HeapLimit), region RAM overflowed)
                0x00000001                        ASSERT (((__binary_info_header_end - __logical_binary_start) <= 0x100), Binary info must be in first 256 bytes of the binary)
LOAD CMakeFiles/dac_spi_test.dir/main.c.o
LOAD CMakeFiles/dac_spi_test.dir/home/mohamed/.pico-sdk/sdk/2.2.0/src/rp2_common/pico_stdlib/stdlib.c.o
LOAD CMakeFiles/dac_spi_test.dir/home/mohamed/.pico-sdk/sdk/2.2.0/src/rp2_common/hardware_gpio/gpio.c.o
LOAD CMakeFiles/dac_spi_test.dir/home/mohamed/.pico-sdk/sdk/2.2.0/src/rp2040/pico_platform/platform.c.o
LOAD CMakeFiles/dac_spi_test.dir/home/mohamed/.pico-sdk/sdk/2.2.0/src/rp2_common/pico_platform_common/common.c.o
LOAD CMakeFiles/dac_spi_test.dir/home/mohamed/.pico-sdk/sdk/2.2.0/src/rp2_common/pico_platform_panic/panic.c.o
LOAD CMakeFiles/dac_spi_test.dir/home/mohamed/.pico-sdk/sdk/2.2.0/src/common/hardware_claim/claim.c.o
LOAD CMakeFiles/dac_spi_test.dir/home/mohamed/.pico-sdk/sdk/2.2.0/src/rp2_common/hardware_sync/sync.c.o
LOAD CMakeFiles/dac_spi_test.dir/home/mohamed/.pico-sdk/sdk/2.2.0/src/rp2_common/hardware_sync_spin_lock/sync_spin_lock.c.o
LOAD CMakeFiles/dac_spi_test.dir/home/mohamed/.pico-sdk/sdk/2.2.0/src/rp2_common/hardware_irq/irq.c.o
LOAD CMakeFiles/dac_spi_test.dir/home/mohamed/.pico-sdk/sdk/2.2.0/src/rp2_common/hardware_irq/irq_handler_chain.S.o
LOAD CMakeFiles/dac_spi_test.dir/home/mohamed/.pico-sdk/sdk/2.2.0/src/common/pico_sync/sem.c.o
LOAD CMakeFiles/dac_spi_test.dir/home/mohamed/.pico-sdk/sdk/2.2.0/src/common/pico_sync/lock_core.c.o
LOAD CMakeFiles/dac_spi_test.dir/home/mohamed/.pico-sdk/sdk/2.2.0/src/common/pico_sync/mutex.c.o
LOAD CMakeFiles/dac_spi_test.dir/home/mohamed/.pico-sdk/sdk/2.2.0/src/common/pico_sync/critical_section.c.o
LOAD CMakeFiles/dac_spi_test.dir/home/mohamed/.pico-sdk/sdk/2.2.0/src/common/pico_time/time.c.o
LOAD CMakeFiles/dac_spi_test.dir/home/mohamed/.pico-sdk/sdk/2.2.0/src/common/pico_time/timeout_helper.c.o
LOAD CMakeFiles/dac_spi_test.dir/home/mohamed/.pico-sdk/sdk/2.2.0/src/rp2_common/hardware_timer/timer.c.o
LOAD CMakeFiles/dac_spi_test.dir/home/mohamed/.pico-sdk/sdk/2.2.0/src/common/pico_util/datetime.c.o
LOAD CMakeFiles/dac_spi_test.dir/home/mohamed/.pico-sdk/sdk/2.2.0/src/common/pico_util/pheap.c.o
LOAD CMakeFiles/dac_spi_test.dir/home/mohamed/.pico-sdk/sdk/2.2.0/src/common/pico_util/queue.c.o
LOAD CMakeFiles/dac_spi_test.dir/home/mohamed/.pico-sdk/sdk/2.2.0/src/rp2_common/hardware_uart/uart.c.o
LOAD CMakeFiles/dac_spi_test.dir/home/mohamed/.pico-sdk/sdk/2.2.0/src/rp2_common/hardware_clocks/clocks.c.o
LOAD CMakeFiles/dac_spi_test.dir/home/mohamed/.pico-sdk/sdk/2.2.0/src/rp2_common/hardware_pll/pll.c.o
LOAD CMakeFiles/dac_spi_test.dir/home/mohamed/.pico-sdk/sdk/2.2.0/src/rp2_common/hardware_vreg/vreg.c.o
LOAD CMakeFiles/dac_spi_test.dir/home/mohamed/.pico-sdk/sdk/2.2.0/src/rp2_common/hardware_watchdog/watchdog.c.o
LOAD CMakeFiles/dac_spi_test.dir/home/mohamed/.pico-sdk/sdk/2.2.0/src/rp2_common/hardware_ticks/ticks.c.o
LOAD CMakeFiles/dac_spi_test.dir/home/mohamed/.pico-sdk/sdk/2.2.0/src/rp2_common/pico_bootrom/bootrom.c.o
LOAD CMakeFiles/dac_spi_test.dir/home/mohamed/.pico-sdk/sdk/2.2.0/src/rp2_common/pico_bootrom/bootrom_lock.c.o
LOAD CMakeFiles/dac_spi_test.dir/home/mohamed/.pico-sdk/sdk/2.2.0/src/rp2_common/hardware_boot_lock/boot_lock.c.o
LOAD CMakeFiles/dac_spi_test.dir/home/mohamed/.pico-sdk/sdk/2.2.0/src/rp2_common/pico_flash/flash.c.o
LOAD CMakeFiles/dac_spi_test.dir/home/mohamed/.pico-sdk/sdk/2.2.0/src/rp2_common/hardware_xosc/xosc.c.o
LOAD CMakeFiles/dac_spi_test.dir/home/mohamed/.pico-sdk/sdk/2.2.0/src/rp2_common/hardware_divider/divider.S.o
LOAD CMakeFiles/dac_spi_test.dir/home/mohamed/.pico-sdk/sdk/2.2.0/src/rp2_common/pico_runtime/runtime.c.o
LOAD CMakeFiles/dac_spi_test.dir/home/mohamed/.pico-sdk/sdk/2.2.0/src/rp2_common/pico_runtime_init/runtime_init.c.o
LOAD CMakeFiles/dac_spi_test.dir/home/mohamed/.pico-sdk/sdk/2.2.0/src/rp2_common/pico_runtime_init/runtime_init_clocks.c.o
LOAD CMakeFiles/dac_spi_test.dir/home/mohamed/.pico-sdk/sdk/2.2.0/src/rp2_common/pico_runtime_init/runtime_init_stack_guard.c.o
LOAD CMakeFiles/dac_spi_test.dir/home/mohamed/.pico-sdk/sdk/2.2.0/src/rp2_common/pico_bit_ops/bit_ops_aeabi.S.o
LOAD CMakeFiles/dac_spi_test.dir/home/mohamed/.pico-sdk/sdk/2.2.0/src/rp2_common/pico_divider/divider_hardware.S.o
LOAD CMakeFiles/dac_spi_test.dir/home/mohamed/.pico-sdk/sdk/2.2.0/src/rp2_common/pico_double/double_aeabi_rp2040.S.o
LOAD CMakeFiles/dac_spi_test.dir/home/mohamed/.pico-sdk/sdk/2.2.0/src/rp2_common/pico_double/double_init_rom_rp2040.c.o
LOAD CMakeFiles/dac_spi_test.dir/home/mohamed/.pico-sdk/sdk/2.2.0/src/rp2_common/pico_double/double_math.c.o
LOAD CMakeFiles/dac_spi_test.dir/home/mohamed/.pico-sdk/sdk/2.2.0/src/rp2_common/pico_double/double_v1_rom_shim_rp2040.S.o
LOAD CMakeFiles/dac_spi_test.dir/home/mohamed/.pico-sdk/sdk/2.2.0/src/rp2_common/pico_int64_ops/pico_int64_ops_aeabi.S.o
LOAD CMakeFiles/dac_spi_test.dir/home/mohamed/.pico-sdk/sdk/2.2.0/src/rp2_common/pico_float/float_aeabi_rp2040.S.o
LOAD CMakeFiles/dac_spi_test.dir/home/mohamed/.pico-sdk/sdk/2.2.0/src/rp2_common/pico_float/float_init_rom_rp2040.c.o
LOAD CMakeFiles/dac_spi_test.dir/home/mohamed/.pico-sdk/sdk/2.2.0/src/rp2_common/pico_float/float_math.c.o
LOAD CMakeFiles/dac_spi_test.dir/home/mohamed/.pico-sdk/sdk/2.2.0/src/rp2_common/pico_float/float_v1_rom_shim_rp2040.S.o
LOAD CMakeFiles/dac_spi_test.dir/home/mohamed/.pico-sdk/sdk/2.2.0/src/rp2_common/pico_malloc/malloc.c.o
LOAD CMakeFiles/dac_spi_test.dir/home/mohamed/.pico-sdk/sdk/2.2.0/src/rp2_common/pico_mem_ops/mem_ops_aeabi.S.o
LOAD CMakeFiles/dac_spi_test.dir/home/mohamed/.pico-sdk/sdk/2.2.0/src/rp2_common/pico_atomic/atomic.c.o
LOAD CMakeFiles/dac_spi_test.dir/home/mohamed/.pico-sdk/sdk/2.2.0/src/rp2_common/pico_cxx_options/new_delete.cpp.o
LOAD CMakeFiles/dac_spi_test.dir/home/mohamed/.pico-sdk/sdk/2.2.0/src/rp2_common/pico_standard_binary_info/standard_binary_info.c.o
LOAD CMakeFiles/dac_spi_test.dir/home/mohamed/.pico-sdk/sdk/2.2.0/src/rp2_common/pico_printf/printf.c.o
LOAD CMakeFiles/dac_spi_test.dir/home/mohamed/.pico-sdk/sdk/2.2.0/src/rp2_common/pico_crt0/crt0.S.o
LOAD CMakeFiles/dac_spi_test.dir/home/mohamed/.pico-sdk/sdk/2.2.0/src/rp2_common/pico_clib_interface/newlib_interface.c.o
LOAD CMakeFiles/dac_spi_test.dir/home/mohamed/.pico-sdk/sdk/2.2.0/src/rp2_common/pico_stdio/stdio.c.o
LOAD CMakeFiles/dac_spi_test.dir/home/mohamed/.pico-sdk/sdk/2.2.0/src/rp2_common/pico_stdio_usb/reset_interface.c.o
LOAD CMakeFiles/dac_spi_test.dir/home/mohamed/.pico-sdk/sdk/2.2.0/src/rp2_common/pico_stdio_usb/stdio_usb.c.o
LOAD CMakeFiles/dac_spi_test.dir/home/mohamed/.pico-sdk/sdk/2.2.0/src/rp2_common/pico_stdio_usb/stdio_usb_descriptors.c.o
LOAD CMakeFiles/dac_spi_test.dir/home/mohamed/.pico-sdk/sdk/2.2.0/src/rp2_common/pico_unique_id/unique_id.c.o
LOAD CMakeFiles/dac_spi_test.dir/home/mohamed/.pico-sdk/sdk/2.2.0/src/rp2_common/hardware_flash/flash.c.o
LOAD CMakeFiles/dac_spi_test.dir/home/mohamed/.pico-sdk/sdk/2.2.0/src/rp2_common/hardware_xip_cache/xip_cache.c.o
LOAD CMakeFiles/dac_spi_test.dir/home/mohamed/.pico-sdk/sdk/2.2.0/lib/tinyusb/src/portable/raspberrypi/rp2040/dcd_rp2040.c.o
LOAD CMakeFiles/dac_spi_test.dir/home/mohamed/.pico-sdk/sdk/2.2.0/lib/tinyusb/src/portable/raspberrypi/rp2040/rp2040_usb.c.o
LOAD CMakeFiles/dac_spi_test.dir/home/mohamed/.pico-sdk/sdk/2.2.0/lib/tinyusb/src/device/usbd.c.o
LOAD CMakeFiles/dac_spi_test.dir/home/mohamed/.pico-sdk/sdk/2.2.0/lib/tinyusb/src/device/usbd_control.c.o
LOAD CMakeFiles/dac_spi_test.dir/home/mohamed/.pico-sdk/sdk/2.2.0/lib/tinyusb/src/class/audio/audio_device.c.o
LOAD CMakeFiles/dac_spi_test.dir/home/mohamed/.pico-sdk/sdk/2.2.0/lib/tinyusb/src/class/cdc/cdc_device.c.o
LOAD CMakeFiles/dac_spi_test.dir/home/mohamed/.pico-sdk/sdk/2.2.0/lib/tinyusb/src/class/dfu/dfu_device.c.o
LOAD CMakeFiles/dac_spi_test.dir/home/mohamed/.pico-sdk/sdk/2.2.0/lib/tinyusb/src/class/dfu/dfu_rt_device.c.o
LOAD CMakeFiles/dac_spi_test.dir/home/mohamed/.pico-sdk/sdk/2.2.0/lib/tinyusb/src/class/hid/hid_device.c.o
LOAD CMakeFiles/dac_spi_test.dir/home/mohamed/.pico-sdk/sdk/2.2.0/lib/tinyusb/src/class/midi/midi_device.c.o
LOAD CMakeFiles/dac_spi_test.dir/home/mohamed/.pico-sdk/sdk/2.2.0/lib/tinyusb/src/class/msc/msc_device.c.o
LOAD CMakeFiles/dac_spi_test.dir/home/mohamed/.pico-sdk/sdk/2.2.0/lib/tinyusb/src/class/net/ecm_rndis_device.c.o
LOAD CMakeFiles/dac_spi_test.dir/home/mohamed/.pico-sdk/sdk/2.2.0/lib/tinyusb/src/class/net/ncm_device.c.o
LOAD CMakeFiles/dac_spi_test.dir/home/mohamed/.pico-sdk/sdk/2.2.0/lib/tinyusb/src/class/usbtmc/usbtmc_device.c.o
LOAD CMakeFiles/dac_spi_test.dir/home/mohamed/.pico-sdk/sdk/2.2.0/lib/tinyusb/src/class/vendor/vendor_device.c.o
LOAD CMakeFiles/dac_spi_test.dir/home/mohamed/.pico-sdk/sdk/2.2.0/lib/tinyusb/src/class/video/video_device.c.o
LOAD CMakeFiles/dac_spi_test.dir/home/mohamed/.pico-sdk/sdk/2.2.0/lib/tinyusb/src/tusb.c.o
LOAD CMakeFiles/dac_spi_test.dir/home/mohamed/.pico-sdk/sdk/2.2.0/lib/tinyusb/src/common/tusb_fifo.c.o
LOAD CMakeFiles/dac_spi_test.dir/home/mohamed/.pico-sdk/sdk/2.2.0/src/rp2_common/pico_fix/rp2040_usb_device_enumeration/rp2040_usb_device_enumeration.c.o
LOAD CMakeFiles/dac_spi_test.dir/home/mohamed/.pico-sdk/sdk/2.2.0/src/rp2_common/hardware_spi/spi.c.o
LOAD pico-sdk/src/rp2040/boot_stage2/CMakeFiles/bs2_default_library.dir/bs2_default_padded_checksummed.S.o
LOAD /home/mohamed/.pico-sdk/toolchain/14_2_Rel1/bin/../lib/gcc/arm-none-eabi/14.2.1/../../../../arm-none-eabi/lib/thumb/v6-m/nofp/libstdc++.a
LOAD /home/mohamed/.pico-sdk/toolchain/14_2_Rel1/bin/../lib/gcc/arm-none-eabi/14.2.1/../../../../arm-none-eabi/lib/thumb/v6-m/nofp/libm.a
START GROUP
LOAD /home/mohamed/.pico-sdk/toolchain/14_2_Rel1/bin/../lib/gcc/arm-none-eabi/14.2.1/thumb/v6-m/nofp/libgcc.a
LOAD /home/mohamed/.pico-sdk/toolchain/14_2_Rel1/bin/../lib/gcc/arm-none-eabi/14.2.1/../../../../arm-none-eabi/lib/thumb/v6-m/nofp/libg.a
LOAD /home/mohamed/.pico-sdk/toolchain/14_2_Rel1/bin/../lib/gcc/arm-none-eabi/14.2.1/../../../../arm-none-eabi/lib/thumb/v6-m/nofp/libc.a
END GROUP
START GROUP
LOAD /home/mohamed/.pico-sdk/toolchain/14_2_Rel1/bin/../lib/gcc/arm-none-eabi/14.2.1/thumb/v6-m/nofp/libgcc.a
LOAD /home/mohamed/.pico-sdk/toolchain/14_2_Rel1/bin/../lib/gcc/arm-none-eabi/14.2.1/../../../../arm-none-eabi/lib/thumb/v6-m/nofp/libc.a
LOAD /home/mohamed/.pico-sdk/toolchain/14_2_Rel1/bin/../lib/gcc/arm-none-eabi/14.2.1/../../../../arm-none-eabi/lib/thumb/v6-m/nofp/libnosys.a
END GROUP
LOAD /home/mohamed/.pico-sdk/toolchain/14_2_Rel1/bin/../lib/gcc/arm-none-eabi/14.2.1/thumb/v6-m/nofp/crtend.o
LOAD /home/mohamed/.pico-sdk/toolchain/14_2_Rel1/bin/../lib/gcc/arm-none-eabi/14.2.1/thumb/v6-m/nofp/crtn.o
OUTPUT(dac_spi_test.elf elf32-littlearm)
LOAD linker stubs

.ARM.attributes
                0x00000000       0x28
 .ARM.attributes
                0x00000000       0x1e /home/mohamed/.pico-sdk/toolchain/14_2_Rel1/bin/../lib/gcc/arm-none-eabi/14.2.1/thumb/v6-m/nofp/crti.o
 .ARM.attributes
                0x0000001e       0x2c /home/mohamed/.pico-sdk/toolchain/14_2_Rel1/bin/../lib/gcc/arm-none-eabi/14.2.1/thumb/v6-m/nofp/crtbegin.o
 .ARM.attributes
                0x0000004a       0x2c CMakeFiles/dac_spi_test.dir/main.c.o
 .ARM.attributes
                0x00000076       0x2c CMakeFiles/dac_spi_test.dir/home/mohamed/.pico-sdk/sdk/2.2.0/src/rp2_common/hardware_gpio/gpio.c.o
 .ARM.attributes
                0x000000a2       0x2c CMakeFiles/dac_spi_test.dir/home/mohamed/.pico-sdk/sdk/2.2.0/src/rp2040/pico_platform/platform.c.o
 .ARM.attributes
                0x000000ce       0x2c CMakeFiles/dac_spi_test.dir/home/mohamed/.pico-sdk/sdk/2.2.0/src/rp2_common/pico_platform_panic/panic.c.o
 .ARM.attributes
                0x000000fa       0x2c CMakeFiles/dac_spi_test.dir/home/mohamed/.pico-sdk/sdk/2.2.0/src/common/hardware_claim/claim.c.o
 .ARM.attributes
                0x00000126       0x2c CMakeFiles/dac_spi_test.dir/home/mohamed/.pico-sdk/sdk/2.2.0/src/rp2_common/hardware_sync/sync.c.o
 .ARM.attributes
                0x00000152       0x2c CMakeFiles/dac_spi_test.dir/home/mohamed/.pico-sdk/sdk/2.2.0/src/rp2_common/hardware_sync_spin_lock/sync_spin_lock.c.o
 .ARM.attributes
                0x0000017e       0x2c CMakeFiles/dac_spi_test.dir/home/mohamed/.pico-sdk/sdk/2.2.0/src/rp2_common/hardware_irq/irq.c.o
 .ARM.attributes
                0x000001aa       0x22 CMakeFiles/dac_spi_test.dir/home/mohamed/.pico-sdk/sdk/2.2.0/src/rp2_common/hardware_irq/irq_handler_chain.S.o
 .ARM.attributes
                0x000001cc       0x2c CMakeFiles/dac_spi_test.dir/home/mohamed/.pico-sdk/sdk/2.2.0/src/common/pico_sync/lock_core.c.o
 .ARM.attributes
                0x000001f8       0x2c CMakeFiles/dac_spi_test.dir/home/mohamed/.pico-sdk/sdk/2.2.0/src/common/pico_sync/mutex.c.o
 .ARM.attributes
                0x00000224       0x2c CMakeFiles/dac_spi_test.dir/home/mohamed/.pico-sdk/sdk/2.2.0/src/common/pico_sync/critical_section.c.o
 .ARM.attributes
                0x00000250       0x2c CMakeFiles/dac_spi_test.dir/home/mohamed/.pico-sdk/sdk/2.2.0/src/common/pico_time/time.c.o
 .ARM.attributes
                0x0000027c       0x2c CMakeFiles/dac_spi_test.dir/home/mohamed/.pico-sdk/sdk/2.2.0/src/rp2_common/hardware_timer/timer.c.o
 .ARM.attributes
                0x000002a8       0x2c CMakeFiles/dac_spi_test.dir/home/mohamed/.pico-sdk/sdk/2.2.0/src/rp2_common/hardware_clocks/clocks.c.o
 .ARM.attributes
                0x000002d4       0x2c CMakeFiles/dac_spi_test.dir/home/mohamed/.pico-sdk/sdk/2.2.0/src/rp2_common/hardware_pll/pll.c.o
 .ARM.attributes
                0x00000300       0x2c CMakeFiles/dac_spi_test.dir/home/mohamed/.pico-sdk/sdk/2.2.0/src/rp2_common/hardware_watchdog/watchdog.c.o
 .ARM.attributes
                0x0000032c       0x2c CMakeFiles/dac_spi_test.dir/home/mohamed/.pico-sdk/sdk/2.2.0/src/rp2_common/hardware_ticks/ticks.c.o
 .ARM.attributes
                0x00000358       0x2c CMakeFiles/dac_spi_test.dir/home/mohamed/.pico-sdk/sdk/2.2.0/src/rp2_common/pico_bootrom/bootrom.c.o
 .ARM.attributes
                0x00000384       0x2c CMakeFiles/dac_spi_test.dir/home/mohamed/.pico-sdk/sdk/2.2.0/src/rp2_common/hardware_xosc/xosc.c.o
 .ARM.attributes
                0x000003b0       0x2c CMakeFiles/dac_spi_test.dir/home/mohamed/.pico-sdk/sdk/2.2.0/src/rp2_common/pico_runtime/runtime.c.o
 .ARM.attributes